Archive member included to satisfy reference by file (symbol)

c:/program files (x86)/embitz/1.11/share/em_armgcc/bin/../lib/gcc/arm-none-eabi/5.4.1/armv7-m\libgcc.a(_arm_addsubdf3.o)
                              obj\release\src\main.o (__aeabi_dadd)
c:/program files (x86)/embitz/1.11/share/em_armgcc/bin/../lib/gcc/arm-none-eabi/5.4.1/armv7-m\libgcc.a(_arm_muldivdf3.o)
                              obj\release\board_support\uart_api.o (__aeabi_dmul)
c:/program files (x86)/embitz/1.11/share/em_armgcc/bin/../lib/gcc/arm-none-eabi/5.4.1/armv7-m\libgcc.a(_arm_fixunsdfsi.o)
                              obj\release\board_support\uart_api.o (__aeabi_d2uiz)
c:/program files (x86)/embitz/1.11/share/em_armgcc/bin/../lib/gcc/arm-none-eabi/5.4.1/armv7-m\libgcc.a(_arm_truncdfsf2.o)
                              obj\release\board_support\uart_api.o (__aeabi_d2f)
c:/program files (x86)/embitz/1.11/share/em_armgcc/bin/../lib/gcc/arm-none-eabi/5.4.1/armv7-m\libgcc.a(_arm_addsubsf3.o)
                              obj\release\board_support\uart_api.o (__aeabi_fsub)
c:/program files (x86)/embitz/1.11/share/em_armgcc/bin/../lib/gcc/arm-none-eabi/5.4.1/armv7-m\libgcc.a(_arm_fixunssfsi.o)
                              obj\release\board_support\uart_api.o (__aeabi_f2uiz)
c:/program files (x86)/embitz/1.11/share/em_armgcc/bin/../lib/gcc/arm-none-eabi/5.4.1/../../../../arm-none-eabi/lib/armv7-m\libg_n.a(lib_a-atof.o)
                              obj\release\src\main.o (atof)
c:/program files (x86)/embitz/1.11/share/em_armgcc/bin/../lib/gcc/arm-none-eabi/5.4.1/../../../../arm-none-eabi/lib/armv7-m\libg_n.a(lib_a-atoi.o)
                              obj\release\src\main.o (atoi)
c:/program files (x86)/embitz/1.11/share/em_armgcc/bin/../lib/gcc/arm-none-eabi/5.4.1/../../../../arm-none-eabi/lib/armv7-m\libg_n.a(lib_a-exit.o)
                              c:/program files (x86)/embitz/1.11/share/em_armgcc/bin/../lib/gcc/arm-none-eabi/5.4.1/../../../../arm-none-eabi/lib/armv7-m/crt0.o (exit)
c:/program files (x86)/embitz/1.11/share/em_armgcc/bin/../lib/gcc/arm-none-eabi/5.4.1/../../../../arm-none-eabi/lib/armv7-m\libg_n.a(lib_a-impure.o)
                              c:/program files (x86)/embitz/1.11/share/em_armgcc/bin/../lib/gcc/arm-none-eabi/5.4.1/../../../../arm-none-eabi/lib/armv7-m\libg_n.a(lib_a-exit.o) (_global_impure_ptr)
c:/program files (x86)/embitz/1.11/share/em_armgcc/bin/../lib/gcc/arm-none-eabi/5.4.1/../../../../arm-none-eabi/lib/armv7-m\libg_n.a(lib_a-init.o)
                              c:/program files (x86)/embitz/1.11/share/em_armgcc/bin/../lib/gcc/arm-none-eabi/5.4.1/../../../../arm-none-eabi/lib/armv7-m/crt0.o (__libc_init_array)
c:/program files (x86)/embitz/1.11/share/em_armgcc/bin/../lib/gcc/arm-none-eabi/5.4.1/../../../../arm-none-eabi/lib/armv7-m\libg_n.a(lib_a-memcpy-stub.o)
                              obj\release\board_support\board_support_api.o (memcpy)
c:/program files (x86)/embitz/1.11/share/em_armgcc/bin/../lib/gcc/arm-none-eabi/5.4.1/../../../../arm-none-eabi/lib/armv7-m\libg_n.a(lib_a-memset.o)
                              c:/program files (x86)/embitz/1.11/share/em_armgcc/bin/../lib/gcc/arm-none-eabi/5.4.1/../../../../arm-none-eabi/lib/armv7-m/crt0.o (memset)
c:/program files (x86)/embitz/1.11/share/em_armgcc/bin/../lib/gcc/arm-none-eabi/5.4.1/../../../../arm-none-eabi/lib/armv7-m\libg_n.a(lib_a-nano-vfprintf_float.o)
                              (_printf_float)
c:/program files (x86)/embitz/1.11/share/em_armgcc/bin/../lib/gcc/arm-none-eabi/5.4.1/../../../../arm-none-eabi/lib/armv7-m\libg_n.a(lib_a-nano-vfprintf_i.o)
                              c:/program files (x86)/embitz/1.11/share/em_armgcc/bin/../lib/gcc/arm-none-eabi/5.4.1/../../../../arm-none-eabi/lib/armv7-m\libg_n.a(lib_a-nano-vfprintf_float.o) (_printf_common)
c:/program files (x86)/embitz/1.11/share/em_armgcc/bin/../lib/gcc/arm-none-eabi/5.4.1/../../../../arm-none-eabi/lib/armv7-m\libg_n.a(lib_a-printf.o)
                              obj\release\board_support\board_support_api.o (printf)
c:/program files (x86)/embitz/1.11/share/em_armgcc/bin/../lib/gcc/arm-none-eabi/5.4.1/../../../../arm-none-eabi/lib/armv7-m\libg_n.a(lib_a-puts.o)
                              obj\release\board_support\board_support_api.o (puts)
c:/program files (x86)/embitz/1.11/share/em_armgcc/bin/../lib/gcc/arm-none-eabi/5.4.1/../../../../arm-none-eabi/lib/armv7-m\libg_n.a(lib_a-rget.o)
                              obj\release\src\main.o (__srget_r)
c:/program files (x86)/embitz/1.11/share/em_armgcc/bin/../lib/gcc/arm-none-eabi/5.4.1/../../../../arm-none-eabi/lib/armv7-m\libg_n.a(lib_a-scanf.o)
                              obj\release\board_support\menu_handlers.o (scanf)
c:/program files (x86)/embitz/1.11/share/em_armgcc/bin/../lib/gcc/arm-none-eabi/5.4.1/../../../../arm-none-eabi/lib/armv7-m\libg_n.a(lib_a-setbuf.o)
                              obj\release\board_support\board_support_api.o (setbuf)
[...]
Memory Configuration

Name             Origin             Length             Attributes
ROM              0x08000000         0x00080000         xr
RAM              0x20000000         0x00014000         xrw
*default*        0x00000000         0xffffffff

Linker script and memory map

LOAD c:/program files (x86)/embitz/1.11/share/em_armgcc/bin/../lib/gcc/arm-none-eabi/5.4.1/armv7-m/crti.o
LOAD c:/program files (x86)/embitz/1.11/share/em_armgcc/bin/../lib/gcc/arm-none-eabi/5.4.1/armv7-m/crtbegin.o
LOAD c:/program files (x86)/embitz/1.11/share/em_armgcc/bin/../lib/gcc/arm-none-eabi/5.4.1/../../../../arm-none-eabi/lib/armv7-m/crt0.o
                0x00000000                __HEAP_SIZE = 0x0
                0x00000800                __STACK_SIZE = 0x800

.text           0x08000000     0xd0d0
 *(.isr_vector)
 .isr_vector    0x08000000      0x124 obj\release\src\startup_stm32l1xx_hd.o
                0x08000000                __isr_vector
 *(.text*)
 .text          0x08000124       0x5c c:/program files (x86)/embitz/1.11/share/em_armgcc/bin/../lib/gcc/arm-none-eabi/5.4.1/armv7-m/crtbegin.o
 .text          0x08000180       0x74 c:/program files (x86)/embitz/1.11/share/em_armgcc/bin/../lib/gcc/arm-none-eabi/5.4.1/../../../../arm-none-eabi/lib/armv7-m/crt0.o
                0x08000180                _start
                0x08000180                _mainCRTStartup
 .text.USART3_IRQHandler
                0x080001f4      0x1d8 obj\release\board_support\at_cmd_support.o
                0x080001f4                USART3_IRQHandler
 .text.__AT_FSM_rearm
                0x080003cc       0x48 obj\release\board_support\at_cmd_support.o
                0x080003cc                __AT_FSM_rearm
 .text.AT_ReadReponseBuffer
                0x08000414      0x11c obj\release\board_support\at_cmd_support.o
                0x08000414                AT_ReadReponseBuffer
 .text.AT_SendCommand
                0x08000530       0x58 obj\release\board_support\at_cmd_support.o
                0x08000530                AT_SendCommand
 .text.AT_CreateUDPSocket
                0x08000588       0xd4 obj\release\board_support\at_cmd_support.o
                0x08000588                AT_CreateUDPSocket
 .text.AT_CloseUDPSocket
                0x0800065c       0x90 obj\release\board_support\at_cmd_support.o
                0x0800065c                AT_CloseUDPSocket
 .text.AT_SendUDPData
                0x080006ec      0x178 obj\release\board_support\at_cmd_support.o
                0x080006ec                AT_SendUDPData
 .text.AT_CheckUDPReceived
                0x08000864      0x100 obj\release\board_support\at_cmd_support.o
                0x08000864                AT_CheckUDPReceived
 .text.AT_CheckNIDDReceived
                0x08000964       0xb8 obj\release\board_support\at_cmd_support.o
                0x08000964                AT_CheckNIDDReceived
 .text.AT_ReadUDPData
                0x08000a1c      0x1d0 obj\release\board_support\at_cmd_support.o
                0x08000a1c                AT_ReadUDPData
 .text.AT_GetRSSI
                0x08000bec       0x90 obj\release\board_support\at_cmd_support.o
                0x08000bec                AT_GetRSSI
 .text.AT_ReadICCID
                0x08000c7c       0x90 obj\release\board_support\at_cmd_support.o
                0x08000c7c                AT_ReadICCID
 .text.AT_ReadIMEI
                0x08000d0c       0x88 obj\release\board_support\at_cmd_support.o
                0x08000d0c                AT_ReadIMEI
 .text.AT_SendStringUsingNIDD
                0x08000d94       0x70 obj\release\board_support\at_cmd_support.o
                0x08000d94                AT_SendStringUsingNIDD
 .text.AT_IsRegistered
                0x08000e04       0x60 obj\release\board_support\at_cmd_support.o
                0x08000e04                AT_IsRegistered
 .text.AT_SwitchPSM
                0x08000e64       0x40 obj\release\board_support\at_cmd_support.o
                0x08000e64                AT_SwitchPSM
 .text.RTC_WKUP_IRQHandler
                0x08000ea4       0x34 obj\release\board_support\awu_api.o
                0x08000ea4                RTC_WKUP_IRQHandler
 .text.AWU_Init
                0x08000ed8       0xd8 obj\release\board_support\awu_api.o
                0x08000ed8                AWU_Init
 .text.AWU_GoStop
                0x08000fb0       0x88 obj\release\board_support\awu_api.o
                0x08000fb0                AWU_GoStop
 .text._write   0x08001038       0x20 obj\release\board_support\board_support_api.o
                0x08001038                _write
 .text._read    0x08001058       0x20 obj\release\board_support\board_support_api.o
                0x08001058                _read
 .text.TIM9_IRQHandler
                0x08001078       0x7c obj\release\board_support\board_support_api.o
                0x08001078                TIM9_IRQHandler
 .text.get_uptime_ms
                0x080010f4        0xc obj\release\board_support\board_support_api.o
                0x080010f4                get_uptime_ms
 .text.delay_ms
                0x08001100       0x14 obj\release\board_support\board_support_api.o
                0x08001100                delay_ms
 .text.switch_LED
                0x08001114       0x14 obj\release\board_support\board_support_api.o
                0x08001114                switch_LED
 .text.SARA_R410_PWR_ON_pulse
                0x08001128       0x34 obj\release\board_support\board_support_api.o
                0x08001128                SARA_R410_PWR_ON_pulse
 .text.store_device_settings
                0x0800115c       0x68 obj\release\board_support\board_support_api.o
                0x0800115c                store_device_settings
 .text.recall_device_settings
                0x080011c4        0xc obj\release\board_support\board_support_api.o
                0x080011c4                recall_device_settings
 .text.apply_backspace
                0x080011d0       0x4c obj\release\board_support\board_support_api.o
                0x080011d0                apply_backspace
 .text.init_board
                0x0800121c      0x290 obj\release\board_support\board_support_api.o
                0x0800121c                init_board
 .text.DS1721_StartConversion
                0x080014ac       0x1c obj\release\board_support\ds1721_driver.o
                0x080014ac                DS1721_StartConversion
 .text.DS1721_ReadTemperature
                0x080014c8       0x30 obj\release\board_support\ds1721_driver.o
                0x080014c8                DS1721_ReadTemperature
 .text.USART2_IRQHandler
                0x080014f8       0xf4 obj\release\board_support\gnss_support.o
                0x080014f8                USART2_IRQHandler
 .text.GNSS_ReadLocationData
                0x080015ec       0x5c obj\release\board_support\gnss_support.o
                0x080015ec                GNSS_ReadLocationData
 .text.i2c_read_with_pointer
                0x08001648      0x328 obj\release\board_support\i2c_api.o
                0x08001648                i2c_read_with_pointer
 .text.i2c_write_with_pointer
                0x08001970      0x148 obj\release\board_support\i2c_api.o
                0x08001970                i2c_write_with_pointer
 .text.init_i2c
                0x08001ab8       0x2c obj\release\board_support\i2c_api.o
                0x08001ab8                init_i2c
 .text.LIS3DH_ReadSignature
                0x08001ae4       0x24 obj\release\board_support\lis3dh_driver.o
                0x08001ae4                LIS3DH_ReadSignature
 .text.LIS3DH_EnableXYZ
                0x08001b08       0x54 obj\release\board_support\lis3dh_driver.o
                0x08001b08                LIS3DH_EnableXYZ
 .text.LIS3DH_ReadXYZ
                0x08001b5c       0x7c obj\release\board_support\lis3dh_driver.o
                0x08001b5c                LIS3DH_ReadXYZ
 .text.perform_system_reset
                0x08001bd8       0x20 obj\release\board_support\menu_handlers.o
                0x08001bd8                perform_system_reset
 .text.true_direct_mode
                0x08001bf8       0x70 obj\release\board_support\menu_handlers.o
                0x08001bf8                true_direct_mode
 .text.set_target_URL
                0x08001c68       0x64 obj\release\board_support\menu_handlers.o
                0x08001c68                set_target_URL
 .text.set_server_port
                0x08001ccc       0x34 obj\release\board_support\menu_handlers.o
                0x08001ccc                set_server_port
 .text.set_telemetry_interval
                0x08001d00       0x60 obj\release\board_support\menu_handlers.o
                0x08001d00                set_telemetry_interval
 .text.set_GNSS_privacy
                0x08001d60       0x40 obj\release\board_support\menu_handlers.o
                0x08001d60                set_GNSS_privacy
 .text.set_startup_mode
                0x08001da0       0x54 obj\release\board_support\menu_handlers.o
                0x08001da0                set_startup_mode
 .text.set_NIDD_APN
                0x08001df4       0xfc obj\release\board_support\menu_handlers.o
                0x08001df4                set_NIDD_APN
 .text.test_transmit_telemetry
                0x08001ef0       0x88 obj\release\board_support\menu_handlers.o
                0x08001ef0                test_transmit_telemetry
 .text.test_sensors
                0x08001f78       0xc4 obj\release\board_support\menu_handlers.o
                0x08001f78                test_sensors
 .text.execute_AT_command
                0x0800203c       0x74 obj\release\board_support\menu_handlers.o
                0x0800203c                execute_AT_command
 .text.set_server_IP
                0x080020b0       0xcc obj\release\board_support\menu_handlers.o
                0x080020b0                set_server_IP
 .text.direct_AT_mode
                0x0800217c       0xa4 obj\release\board_support\menu_handlers.o
                0x0800217c                direct_AT_mode
 .text.print_identification_data
                0x08002220       0xc4 obj\release\board_support\menu_handlers.o
                0x08002220                print_identification_data
 .text.wait_NIDD_URC
                0x080022e4       0xe0 obj\release\board_support\menu_handlers.o
                0x080022e4                wait_NIDD_URC
 .text.perform_RF_module_reset
                0x080023c4        0xc obj\release\board_support\menu_handlers.o
                0x080023c4                perform_RF_module_reset
 .text.perform_initial_setup
                0x080023d0      0x394 obj\release\board_support\menu_handlers.o
                0x080023d0                perform_initial_setup
 .text.is_alphanumeric
                0x08002764       0x1c obj\release\board_support\menu_handlers.o
                0x08002764                is_alphanumeric
 .text.execute_AT_command_silent
                0x08002780       0x34 obj\release\board_support\menu_handlers.o
                0x08002780                execute_AT_command_silent
 .text.print_network_info
                0x080027b4      0x168 obj\release\board_support\menu_handlers.o
                0x080027b4                print_network_info
 .text.wait_coap_server_response
                0x0800291c      0x108 obj\release\board_support\menu_handlers.o
                0x0800291c                wait_coap_server_response
 .text.test_CoAP_observe_function
                0x08002a24      0x140 obj\release\board_support\menu_handlers.o
                0x08002a24                test_CoAP_observe_function
 .text.UART_SendByte
                0x08002b64        0xc obj\release\board_support\uart_api.o
                0x08002b64                UART_SendByte
 .text.UART_SendString
                0x08002b70       0x20 obj\release\board_support\uart_api.o
                0x08002b70                UART_SendString
 .text.UART_WaitRxByte
                0x08002b90        0xc obj\release\board_support\uart_api.o
                0x08002b90                UART_WaitRxByte
 .text.init_uart
                0x08002b9c       0x84 obj\release\board_support\uart_api.o
                0x08002b9c                init_uart
 .text.CoAP_parse_message_header
                0x08002c20       0x30 obj\release\coap\coap_essentials.o
                0x08002c20                CoAP_parse_message_header
 .text.CoAP_parse_option
                0x08002c50       0x8c obj\release\coap\coap_essentials.o
                0x08002c50                CoAP_parse_option
 .text.CoAP_parse_message
                0x08002cdc       0xac obj\release\coap\coap_essentials.o
                0x08002cdc                CoAP_parse_message
 .text.CoAP_assemble_request_extended
                0x08002d88      0x194 obj\release\coap\coap_essentials.o
                0x08002d88                CoAP_assemble_request_extended
 .text.SARA_init
                0x08002f1c      0x2c4 obj\release\src\main.o
                0x08002f1c                SARA_init
 .text.NMEA_to_LatLon
                0x080031e0      0x144 obj\release\src\main.o
                0x080031e0                NMEA_to_LatLon
 *fill*         0x08003324        0x4 
 .text.transmit_telemetry
                0x08003328      0x464 obj\release\src\main.o
                0x08003328                transmit_telemetry
 .text.service_menu
                0x0800378c      0x238 obj\release\src\main.o
                0x0800378c                service_menu
 .text.startup.main
                0x080039c4      0x214 obj\release\src\main.o
                0x080039c4                main
 .text          0x08003bd8       0xcc obj\release\src\startup_stm32l1xx_hd.o
                0x08003bd8                Reset_Handler
                0x08003c16                NMI_Handler
                0x08003c18                HardFault_Handler
                0x08003c1a                MemManage_Handler
                0x08003c1c                BusFault_Handler
                0x08003c1e                UsageFault_Handler
                0x08003c20                SVC_Handler
                0x08003c22                DebugMon_Handler
                0x08003c24                PendSV_Handler
                0x08003c26                SysTick_Handler
                0x08003c28                Default_Handler
                0x08003c2a                WWDG_IRQHandler
                0x08003c2c                PVD_IRQHandler
                0x08003c2e                TAMPER_STAMP_IRQHandler
                0x08003c32                FLASH_IRQHandler
                0x08003c34                RCC_IRQHandler
                0x08003c36                EXTI0_IRQHandler
                0x08003c38                EXTI1_IRQHandler
                0x08003c3a                EXTI2_IRQHandler
                0x08003c3c                EXTI3_IRQHandler
                0x08003c3e                EXTI4_IRQHandler
                0x08003c40                DMA1_Channel1_IRQHandler
                0x08003c42                DMA1_Channel2_IRQHandler
                0x08003c44                DMA1_Channel3_IRQHandler
                0x08003c46                DMA1_Channel4_IRQHandler
                0x08003c48                DMA1_Channel5_IRQHandler
                0x08003c4a                DMA1_Channel6_IRQHandler
                0x08003c4c                DMA1_Channel7_IRQHandler
                0x08003c4e                ADC1_IRQHandler
                0x08003c50                USB_HP_IRQHandler
                0x08003c52                USB_LP_IRQHandler
                0x08003c54                DAC_IRQHandler
                0x08003c56                COMP_IRQHandler
                0x08003c58                EXTI9_5_IRQHandler
                0x08003c5a                LCD_IRQHandler
                0x08003c5e                TIM10_IRQHandler
                0x08003c60                TIM11_IRQHandler
                0x08003c62                TIM2_IRQHandler
                0x08003c64                TIM3_IRQHandler
                0x08003c66                TIM4_IRQHandler
                0x08003c68                I2C1_EV_IRQHandler
                0x08003c6a                I2C1_ER_IRQHandler
                0x08003c6c                I2C2_EV_IRQHandler
                0x08003c6e                I2C2_ER_IRQHandler
                0x08003c70                SPI1_IRQHandler
                0x08003c72                SPI2_IRQHandler
                0x08003c74                USART1_IRQHandler
                0x08003c7a                EXTI15_10_IRQHandler
                0x08003c7c                RTC_Alarm_IRQHandler
                0x08003c7e                USB_FS_WKUP_IRQHandler
                0x08003c80                TIM6_IRQHandler
                0x08003c82                TIM7_IRQHandler
                0x08003c84                SDIO_IRQHandler
                0x08003c86                TIM5_IRQHandler
                0x08003c88                SPI3_IRQHandler
                0x08003c8a                UART4_IRQHandler
                0x08003c8c                UART5_IRQHandler
                0x08003c8e                DMA2_Channel1_IRQHandler
                0x08003c90                DMA2_Channel2_IRQHandler
                0x08003c92                DMA2_Channel3_IRQHandler
                0x08003c94                DMA2_Channel4_IRQHandler
                0x08003c96                DMA2_Channel5_IRQHandler
                0x08003c98                AES_IRQHandler
                0x08003c9a                COMP_ACQ_IRQHandler
 .text          0x08003ca4      0x370 c:/program files (x86)/embitz/1.11/share/em_armgcc/bin/../lib/gcc/arm-none-eabi/5.4.1/armv7-m\libgcc.a(_arm_addsubdf3.o)
                0x08003ca4                __aeabi_drsub
                0x08003cac                __aeabi_dsub
                0x08003cac                __subdf3
                0x08003cb0                __aeabi_dadd
                0x08003cb0                __adddf3
                0x08003f28                __floatunsidf
                0x08003f28                __aeabi_ui2d
                0x08003f48                __floatsidf
                0x08003f48                __aeabi_i2d
                0x08003f6c                __aeabi_f2d
                0x08003f6c                __extendsfdf2
                0x08003fa8                __floatundidf
                0x08003fa8                __aeabi_ul2d
                0x08003fb8                __floatdidf
                0x08003fb8                __aeabi_l2d
 .text          0x08004014      0x424 c:/program files (x86)/embitz/1.11/share/em_armgcc/bin/../lib/gcc/arm-none-eabi/5.4.1/armv7-m\libgcc.a(_arm_muldivdf3.o)
                0x08004014                __aeabi_dmul
                0x08004014                __muldf3
                0x08004268                __divdf3
                0x08004268                __aeabi_ddiv
 .text          0x08004438       0x40 c:/program files (x86)/embitz/1.11/share/em_armgcc/bin/../lib/gcc/arm-none-eabi/5.4.1/armv7-m\libgcc.a(_arm_fixunsdfsi.o)
                0x08004438                __aeabi_d2uiz
                0x08004438                __fixunsdfsi
 .text          0x08004478       0xa0 c:/program files (x86)/embitz/1.11/share/em_armgcc/bin/../lib/gcc/arm-none-eabi/5.4.1/armv7-m\libgcc.a(_arm_truncdfsf2.o)
                0x08004478                __truncdfsf2
                0x08004478                __aeabi_d2f
 .text          0x08004518      0x21c c:/program files (x86)/embitz/1.11/share/em_armgcc/bin/../lib/gcc/arm-none-eabi/5.4.1/armv7-m\libgcc.a(_arm_addsubsf3.o)
                0x08004518                __aeabi_frsub
                0x08004520                __subsf3
                0x08004520                __aeabi_fsub
                0x08004524                __aeabi_fadd
                0x08004524                __addsf3
                0x08004684                __aeabi_ui2f
                0x08004684                __floatunsisf
                0x0800468c                __aeabi_i2f
                0x0800468c                __floatsisf
                0x080046a8                __aeabi_ul2f
                0x080046a8                __floatundisf
                0x080046b8                __aeabi_l2f
                0x080046b8                __floatdisf
 .text          0x08004734       0x40 c:/program files (x86)/embitz/1.11/share/em_armgcc/bin/../lib/gcc/arm-none-eabi/5.4.1/armv7-m\libgcc.a(_arm_fixunssfsi.o)
                0x08004734                __fixunssfsi
                0x08004734                __aeabi_f2uiz
 .text.atof     0x08004774        0x6 c:/program files (x86)/embitz/1.11/share/em_armgcc/bin/../lib/gcc/arm-none-eabi/5.4.1/../../../../arm-none-eabi/lib/armv7-m\libg_n.a(lib_a-atof.o)
                0x08004774                atof
 .text.atoi     0x0800477a        0x8 c:/program files (x86)/embitz/1.11/share/em_armgcc/bin/../lib/gcc/arm-none-eabi/5.4.1/../../../../arm-none-eabi/lib/armv7-m\libg_n.a(lib_a-atoi.o)
                0x0800477a                atoi
 *fill*         0x08004782        0x2 
 .text.exit     0x08004784       0x28 c:/program files (x86)/embitz/1.11/share/em_armgcc/bin/../lib/gcc/arm-none-eabi/5.4.1/../../../../arm-none-eabi/lib/armv7-m\libg_n.a(lib_a-exit.o)
                0x08004784                exit
 .text.__libc_init_array
                0x080047ac       0x4c c:/program files (x86)/embitz/1.11/share/em_armgcc/bin/../lib/gcc/arm-none-eabi/5.4.1/../../../../arm-none-eabi/lib/armv7-m\libg_n.a(lib_a-init.o)
                0x080047ac                __libc_init_array
 .text.memcpy   0x080047f8       0x16 c:/program files (x86)/embitz/1.11/share/em_armgcc/bin/../lib/gcc/arm-none-eabi/5.4.1/../../../../arm-none-eabi/lib/armv7-m\libg_n.a(lib_a-memcpy-stub.o)
                0x080047f8                memcpy
 .text.memset   0x0800480e       0x10 c:/program files (x86)/embitz/1.11/share/em_armgcc/bin/../lib/gcc/arm-none-eabi/5.4.1/../../../../arm-none-eabi/lib/armv7-m\libg_n.a(lib_a-memset.o)
                0x0800480e                memset
 .text.__cvt    0x0800481e       0xc0 c:/program files (x86)/embitz/1.11/share/em_armgcc/bin/../lib/gcc/arm-none-eabi/5.4.1/../../../../arm-none-eabi/lib/armv7-m\libg_n.a(lib_a-nano-vfprintf_float.o)
                0x0800481e                __cvt
 .text.__exponent
                0x080048de       0x62 c:/program files (x86)/embitz/1.11/share/em_armgcc/bin/../lib/gcc/arm-none-eabi/5.4.1/../../../../arm-none-eabi/lib/armv7-m\libg_n.a(lib_a-nano-vfprintf_float.o)
                0x080048de                __exponent
 .text._printf_float
                0x08004940      0x488 c:/program files (x86)/embitz/1.11/share/em_armgcc/bin/../lib/gcc/arm-none-eabi/5.4.1/../../../../arm-none-eabi/lib/armv7-m\libg_n.a(lib_a-nano-vfprintf_float.o)
                0x08004940                _printf_float
 .text._printf_common
                0x08004dc8       0xec c:/program files (x86)/embitz/1.11/share/em_armgcc/bin/../lib/gcc/arm-none-eabi/5.4.1/../../../../arm-none-eabi/lib/armv7-m\libg_n.a(lib_a-nano-vfprintf_i.o)
                0x08004dc8                _printf_common
 .text._printf_i
                0x08004eb4      0x24c c:/program files (x86)/embitz/1.11/share/em_armgcc/bin/../lib/gcc/arm-none-eabi/5.4.1/../../../../arm-none-eabi/lib/armv7-m\libg_n.a(lib_a-nano-vfprintf_i.o)
                0x08004eb4                _printf_i
 .text.printf   0x08005100       0x30 c:/program files (x86)/embitz/1.11/share/em_armgcc/bin/../lib/gcc/arm-none-eabi/5.4.1/../../../../arm-none-eabi/lib/armv7-m\libg_n.a(lib_a-printf.o)
                0x08005100                iprintf
                0x08005100                printf
 .text._puts_r  0x08005130       0xb4 c:/program files (x86)/embitz/1.11/share/em_armgcc/bin/../lib/gcc/arm-none-eabi/5.4.1/../../../../arm-none-eabi/lib/armv7-m\libg_n.a(lib_a-puts.o)
                0x08005130                _puts_r
 .text.puts     0x080051e4       0x10 c:/program files (x86)/embitz/1.11/share/em_armgcc/bin/../lib/gcc/arm-none-eabi/5.4.1/../../../../arm-none-eabi/lib/armv7-m\libg_n.a(lib_a-puts.o)
                0x080051e4                puts
 .text.__srget_r
                0x080051f4       0x58 c:/program files (x86)/embitz/1.11/share/em_armgcc/bin/../lib/gcc/arm-none-eabi/5.4.1/../../../../arm-none-eabi/lib/armv7-m\libg_n.a(lib_a-rget.o)
                0x080051f4                __srget_r
 .text.scanf    0x0800524c       0x30 c:/program files (x86)/embitz/1.11/share/em_armgcc/bin/../lib/gcc/arm-none-eabi/5.4.1/../../../../arm-none-eabi/lib/armv7-m\libg_n.a(lib_a-scanf.o)
                0x0800524c                scanf
                0x0800524c                iscanf
 .text.setbuf   0x0800527c       0x10 c:/program files (x86)/embitz/1.11/share/em_armgcc/bin/../lib/gcc/arm-none-eabi/5.4.1/../../../../arm-none-eabi/lib/armv7-m\libg_n.a(lib_a-setbuf.o)
                0x0800527c                setbuf
 .text.setvbuf  0x0800528c      0x154 c:/program files (x86)/embitz/1.11/share/em_armgcc/bin/../lib/gcc/arm-none-eabi/5.4.1/../../../../arm-none-eabi/lib/armv7-m\libg_n.a(lib_a-setvbuf.o)
                0x0800528c                setvbuf
 .text.snprintf
                0x080053e0       0x64 c:/program files (x86)/embitz/1.11/share/em_armgcc/bin/../lib/gcc/arm-none-eabi/5.4.1/../../../../arm-none-eabi/lib/armv7-m\libg_n.a(lib_a-snprintf.o)
                0x080053e0                sniprintf
                0x080053e0                snprintf
 .text.sprintf  0x08005444       0x48 c:/program files (x86)/embitz/1.11/share/em_armgcc/bin/../lib/gcc/arm-none-eabi/5.4.1/../../../../arm-none-eabi/lib/armv7-m\libg_n.a(lib_a-sprintf.o)
                0x08005444                siprintf
                0x08005444                sprintf
 .text.sscanf   0x0800548c       0x54 c:/program files (x86)/embitz/1.11/share/em_armgcc/bin/../lib/gcc/arm-none-eabi/5.4.1/../../../../arm-none-eabi/lib/armv7-m\libg_n.a(lib_a-sscanf.o)
                0x0800548c                siscanf
                0x0800548c                sscanf
 .text.__sread  0x080054e0       0x22 c:/program files (x86)/embitz/1.11/share/em_armgcc/bin/../lib/gcc/arm-none-eabi/5.4.1/../../../../arm-none-eabi/lib/armv7-m\libg_n.a(lib_a-stdio.o)
                0x080054e0                __sread
 .text.__seofread
                0x08005502        0x4 c:/program files (x86)/embitz/1.11/share/em_armgcc/bin/../lib/gcc/arm-none-eabi/5.4.1/../../../../arm-none-eabi/lib/armv7-m\libg_n.a(lib_a-stdio.o)
                0x08005502                __seofread
 .text.__swrite
                0x08005506       0x38 c:/program files (x86)/embitz/1.11/share/em_armgcc/bin/../lib/gcc/arm-none-eabi/5.4.1/../../../../arm-none-eabi/lib/armv7-m\libg_n.a(lib_a-stdio.o)
                0x08005506                __swrite
 .text.__sseek  0x0800553e       0x24 c:/program files (x86)/embitz/1.11/share/em_armgcc/bin/../lib/gcc/arm-none-eabi/5.4.1/../../../../arm-none-eabi/lib/armv7-m\libg_n.a(lib_a-stdio.o)
                0x0800553e                __sseek
 .text.__sclose
                0x08005562        0x8 c:/program files (x86)/embitz/1.11/share/em_armgcc/bin/../lib/gcc/arm-none-eabi/5.4.1/../../../../arm-none-eabi/lib/armv7-m\libg_n.a(lib_a-stdio.o)
                0x08005562                __sclose
 .text          0x0800556a       0x14 c:/program files (x86)/embitz/1.11/share/em_armgcc/bin/../lib/gcc/arm-none-eabi/5.4.1/../../../../arm-none-eabi/lib/armv7-m\libg_n.a(lib_a-strcmp.o)
                0x0800556a                strcmp
 .text.strcpy   0x0800557e       0x10 c:/program files (x86)/embitz/1.11/share/em_armgcc/bin/../lib/gcc/arm-none-eabi/5.4.1/../../../../arm-none-eabi/lib/armv7-m\libg_n.a(lib_a-strcpy.o)
                0x0800557e                strcpy
 .text          0x0800558e       0x10 c:/program files (x86)/embitz/1.11/share/em_armgcc/bin/../lib/gcc/arm-none-eabi/5.4.1/../../../../arm-none-eabi/lib/armv7-m\libg_n.a(lib_a-strlen.o)
                0x0800558e                strlen
 .text.strncpy  0x0800559e       0x26 c:/program files (x86)/embitz/1.11/share/em_armgcc/bin/../lib/gcc/arm-none-eabi/5.4.1/../../../../arm-none-eabi/lib/armv7-m\libg_n.a(lib_a-strncpy.o)
                0x0800559e                strncpy
 .text.strstr   0x080055c4       0x34 c:/program files (x86)/embitz/1.11/share/em_armgcc/bin/../lib/gcc/arm-none-eabi/5.4.1/../../../../arm-none-eabi/lib/armv7-m\libg_n.a(lib_a-strstr.o)
                0x080055c4                strstr
 .text.sulp     0x080055f8       0x42 c:/program files (x86)/embitz/1.11/share/em_armgcc/bin/../lib/gcc/arm-none-eabi/5.4.1/../../../../arm-none-eabi/lib/armv7-m\libg_n.a(lib_a-strtod.o)
 *fill*         0x0800563a        0x6 
 .text._strtod_r
                0x08005640      0xc00 c:/program files (x86)/embitz/1.11/share/em_armgcc/bin/../lib/gcc/arm-none-eabi/5.4.1/../../../../arm-none-eabi/lib/armv7-m\libg_n.a(lib_a-strtod.o)
                0x08005640                _strtod_r
 .text.strtod   0x08006240       0x10 c:/program files (x86)/embitz/1.11/share/em_armgcc/bin/../lib/gcc/arm-none-eabi/5.4.1/../../../../arm-none-eabi/lib/armv7-m\libg_n.a(lib_a-strtod.o)
                0x08006240                strtod
 .text.strtok   0x08006250       0x64 c:/program files (x86)/embitz/1.11/share/em_armgcc/bin/../lib/gcc/arm-none-eabi/5.4.1/../../../../arm-none-eabi/lib/armv7-m\libg_n.a(lib_a-strtok.o)
                0x08006250                strtok
 .text.__strtok_r
                0x080062b4       0x56 c:/program files (x86)/embitz/1.11/share/em_armgcc/bin/../lib/gcc/arm-none-eabi/5.4.1/../../../../arm-none-eabi/lib/armv7-m\libg_n.a(lib_a-strtok_r.o)
                0x080062b4                __strtok_r
 *fill*         0x0800630a        0x2 
 .text._strtol_r
                0x0800630c      0x10c c:/program files (x86)/embitz/1.11/share/em_armgcc/bin/../lib/gcc/arm-none-eabi/5.4.1/../../../../arm-none-eabi/lib/armv7-m\libg_n.a(lib_a-strtol.o)
                0x0800630c                _strtol_r
 .text.strtol   0x08006418       0x14 c:/program files (x86)/embitz/1.11/share/em_armgcc/bin/../lib/gcc/arm-none-eabi/5.4.1/../../../../arm-none-eabi/lib/armv7-m\libg_n.a(lib_a-strtol.o)
                0x08006418                strtol
 .text.__swbuf_r
                0x0800642c       0xa8 c:/program files (x86)/embitz/1.11/share/em_armgcc/bin/../lib/gcc/arm-none-eabi/5.4.1/../../../../arm-none-eabi/lib/armv7-m\libg_n.a(lib_a-wbuf.o)
                0x0800642c                __swbuf_r
 .text._write_r
                0x080064d4       0x24 c:/program files (x86)/embitz/1.11/share/em_armgcc/bin/../lib/gcc/arm-none-eabi/5.4.1/../../../../arm-none-eabi/lib/armv7-m\libg_n.a(lib_a-writer.o)
                0x080064d4                _write_r
 .text.__swsetup_r
                0x080064f8       0xdc c:/program files (x86)/embitz/1.11/share/em_armgcc/bin/../lib/gcc/arm-none-eabi/5.4.1/../../../../arm-none-eabi/lib/armv7-m\libg_n.a(lib_a-wsetup.o)
                0x080064f8                __swsetup_r
 .text._close_r
                0x080065d4       0x20 c:/program files (x86)/embitz/1.11/share/em_armgcc/bin/../lib/gcc/arm-none-eabi/5.4.1/../../../../arm-none-eabi/lib/armv7-m\libg_n.a(lib_a-closer.o)
                0x080065d4                _close_r
 .text.quorem   0x080065f4      0x116 c:/program files (x86)/embitz/1.11/share/em_armgcc/bin/../lib/gcc/arm-none-eabi/5.4.1/../../../../arm-none-eabi/lib/armv7-m\libg_n.a(lib_a-dtoa.o)
 *fill*         0x0800670a        0x6 
 .text._dtoa_r  0x08006710      0xb30 c:/program files (x86)/embitz/1.11/share/em_armgcc/bin/../lib/gcc/arm-none-eabi/5.4.1/../../../../arm-none-eabi/lib/armv7-m\libg_n.a(lib_a-dtoa.o)
                0x08006710                _dtoa_r
 .text.__sflush_r
                0x08007240      0x10c c:/program files (x86)/embitz/1.11/share/em_armgcc/bin/../lib/gcc/arm-none-eabi/5.4.1/../../../../arm-none-eabi/lib/armv7-m\libg_n.a(lib_a-fflush.o)
                0x08007240                __sflush_r
 .text._fflush_r
                0x0800734c       0x54 c:/program files (x86)/embitz/1.11/share/em_armgcc/bin/../lib/gcc/arm-none-eabi/5.4.1/../../../../arm-none-eabi/lib/armv7-m\libg_n.a(lib_a-fflush.o)
                0x0800734c                _fflush_r
 .text.fflush   0x080073a0       0x24 c:/program files (x86)/embitz/1.11/share/em_armgcc/bin/../lib/gcc/arm-none-eabi/5.4.1/../../../../arm-none-eabi/lib/armv7-m\libg_n.a(lib_a-fflush.o)
                0x080073a0                fflush
 .text._cleanup_r
                0x080073c4        0xc c:/program files (x86)/embitz/1.11/share/em_armgcc/bin/../lib/gcc/arm-none-eabi/5.4.1/../../../../arm-none-eabi/lib/armv7-m\libg_n.a(lib_a-findfp.o)
                0x080073c4                _cleanup_r
 .text.std.isra.0
                0x080073d0       0x48 c:/program files (x86)/embitz/1.11/share/em_armgcc/bin/../lib/gcc/arm-none-eabi/5.4.1/../../../../arm-none-eabi/lib/armv7-m\libg_n.a(lib_a-findfp.o)
 .text.__sfmoreglue
                0x08007418       0x2c c:/program files (x86)/embitz/1.11/share/em_armgcc/bin/../lib/gcc/arm-none-eabi/5.4.1/../../../../arm-none-eabi/lib/armv7-m\libg_n.a(lib_a-findfp.o)
                0x08007418                __sfmoreglue
 .text.__sinit  0x08007444       0x60 c:/program files (x86)/embitz/1.11/share/em_armgcc/bin/../lib/gcc/arm-none-eabi/5.4.1/../../../../arm-none-eabi/lib/armv7-m\libg_n.a(lib_a-findfp.o)
                0x08007444                __sinit
 .text.__sfp    0x080074a4       0x78 c:/program files (x86)/embitz/1.11/share/em_armgcc/bin/../lib/gcc/arm-none-eabi/5.4.1/../../../../arm-none-eabi/lib/armv7-m\libg_n.a(lib_a-findfp.o)
                0x080074a4                __sfp
 .text._fwalk   0x0800751c       0x38 c:/program files (x86)/embitz/1.11/share/em_armgcc/bin/../lib/gcc/arm-none-eabi/5.4.1/../../../../arm-none-eabi/lib/armv7-m\libg_n.a(lib_a-fwalk.o)
                0x0800751c                _fwalk
 .text._fwalk_reent
                0x08007554       0x3c c:/program files (x86)/embitz/1.11/share/em_armgcc/bin/../lib/gcc/arm-none-eabi/5.4.1/../../../../arm-none-eabi/lib/armv7-m\libg_n.a(lib_a-fwalk.o)
                0x08007554                _fwalk_reent
 .text.rshift   0x08007590       0x6c c:/program files (x86)/embitz/1.11/share/em_armgcc/bin/../lib/gcc/arm-none-eabi/5.4.1/../../../../arm-none-eabi/lib/armv7-m\libg_n.a(lib_a-gdtoa-gethex.o)
 .text.__hexdig_fun
                0x080075fc       0x2a c:/program files (x86)/embitz/1.11/share/em_armgcc/bin/../lib/gcc/arm-none-eabi/5.4.1/../../../../arm-none-eabi/lib/armv7-m\libg_n.a(lib_a-gdtoa-gethex.o)
                0x080075fc                __hexdig_fun
 .text.__gethex
                0x08007626      0x43e c:/program files (x86)/embitz/1.11/share/em_armgcc/bin/../lib/gcc/arm-none-eabi/5.4.1/../../../../arm-none-eabi/lib/armv7-m\libg_n.a(lib_a-gdtoa-gethex.o)
                0x08007626                __gethex
 .text.L_shift  0x08007a64       0x24 c:/program files (x86)/embitz/1.11/share/em_armgcc/bin/../lib/gcc/arm-none-eabi/5.4.1/../../../../arm-none-eabi/lib/armv7-m\libg_n.a(lib_a-gdtoa-hexnan.o)
 .text.__match  0x08007a88       0x26 c:/program files (x86)/embitz/1.11/share/em_armgcc/bin/../lib/gcc/arm-none-eabi/5.4.1/../../../../arm-none-eabi/lib/armv7-m\libg_n.a(lib_a-gdtoa-hexnan.o)
                0x08007a88                __match
 .text.__hexnan
                0x08007aae      0x11c c:/program files (x86)/embitz/1.11/share/em_armgcc/bin/../lib/gcc/arm-none-eabi/5.4.1/../../../../arm-none-eabi/lib/armv7-m\libg_n.a(lib_a-gdtoa-hexnan.o)
                0x08007aae                __hexnan
 *fill*         0x08007bca        0x2 
 .text._localeconv_r
                0x08007bcc        0x8 c:/program files (x86)/embitz/1.11/share/em_armgcc/bin/../lib/gcc/arm-none-eabi/5.4.1/../../../../arm-none-eabi/lib/armv7-m\libg_n.a(lib_a-locale.o)
                0x08007bcc                _localeconv_r
 .text._lseek_r
                0x08007bd4       0x24 c:/program files (x86)/embitz/1.11/share/em_armgcc/bin/../lib/gcc/arm-none-eabi/5.4.1/../../../../arm-none-eabi/lib/armv7-m\libg_n.a(lib_a-lseekr.o)
                0x08007bd4                _lseek_r
 .text.__swhatbuf_r
                0x08007bf8       0x46 c:/program files (x86)/embitz/1.11/share/em_armgcc/bin/../lib/gcc/arm-none-eabi/5.4.1/../../../../arm-none-eabi/lib/armv7-m\libg_n.a(lib_a-makebuf.o)
                0x08007bf8                __swhatbuf_r
 *fill*         0x08007c3e        0x2 
 .text.__smakebuf_r
                0x08007c40       0x78 c:/program files (x86)/embitz/1.11/share/em_armgcc/bin/../lib/gcc/arm-none-eabi/5.4.1/../../../../arm-none-eabi/lib/armv7-m\libg_n.a(lib_a-makebuf.o)
                0x08007c40                __smakebuf_r
 .text.malloc   0x08007cb8       0x10 c:/program files (x86)/embitz/1.11/share/em_armgcc/bin/../lib/gcc/arm-none-eabi/5.4.1/../../../../arm-none-eabi/lib/armv7-m\libg_n.a(lib_a-malloc.o)
                0x08007cb8                malloc
 .text.memchr   0x08007cc8       0x1c c:/program files (x86)/embitz/1.11/share/em_armgcc/bin/../lib/gcc/arm-none-eabi/5.4.1/../../../../arm-none-eabi/lib/armv7-m\libg_n.a(lib_a-memchr-stub.o)
                0x08007cc8                memchr
 .text._Balloc  0x08007ce4       0x6a c:/program files (x86)/embitz/1.11/share/em_armgcc/bin/../lib/gcc/arm-none-eabi/5.4.1/../../../../arm-none-eabi/lib/armv7-m\libg_n.a(lib_a-mprec.o)
                0x08007ce4                _Balloc
 .text._Bfree   0x08007d4e       0x2e c:/program files (x86)/embitz/1.11/share/em_armgcc/bin/../lib/gcc/arm-none-eabi/5.4.1/../../../../arm-none-eabi/lib/armv7-m\libg_n.a(lib_a-mprec.o)
                0x08007d4e                _Bfree
 .text.__multadd
                0x08007d7c       0x76 c:/program files (x86)/embitz/1.11/share/em_armgcc/bin/../lib/gcc/arm-none-eabi/5.4.1/../../../../arm-none-eabi/lib/armv7-m\libg_n.a(lib_a-mprec.o)
                0x08007d7c                __multadd
 .text.__s2b    0x08007df2       0x7c c:/program files (x86)/embitz/1.11/share/em_armgcc/bin/../lib/gcc/arm-none-eabi/5.4.1/../../../../arm-none-eabi/lib/armv7-m\libg_n.a(lib_a-mprec.o)
                0x08007df2                __s2b
 .text.__hi0bits
                0x08007e6e       0x40 c:/program files (x86)/embitz/1.11/share/em_armgcc/bin/../lib/gcc/arm-none-eabi/5.4.1/../../../../arm-none-eabi/lib/armv7-m\libg_n.a(lib_a-mprec.o)
                0x08007e6e                __hi0bits
 .text.__lo0bits
                0x08007eae       0x5a c:/program files (x86)/embitz/1.11/share/em_armgcc/bin/../lib/gcc/arm-none-eabi/5.4.1/../../../../arm-none-eabi/lib/armv7-m\libg_n.a(lib_a-mprec.o)
                0x08007eae                __lo0bits
 .text.__i2b    0x08007f08       0x12 c:/program files (x86)/embitz/1.11/share/em_armgcc/bin/../lib/gcc/arm-none-eabi/5.4.1/../../../../arm-none-eabi/lib/armv7-m\libg_n.a(lib_a-mprec.o)
                0x08007f08                __i2b
 .text.__multiply
                0x08007f1a      0x120 c:/program files (x86)/embitz/1.11/share/em_armgcc/bin/../lib/gcc/arm-none-eabi/5.4.1/../../../../arm-none-eabi/lib/armv7-m\libg_n.a(lib_a-mprec.o)
                0x08007f1a                __multiply
 *fill*         0x0800803a        0x2 
 .text.__pow5mult
                0x0800803c       0x9c c:/program files (x86)/embitz/1.11/share/em_armgcc/bin/../lib/gcc/arm-none-eabi/5.4.1/../../../../arm-none-eabi/lib/armv7-m\libg_n.a(lib_a-mprec.o)
                0x0800803c                __pow5mult
 .text.__lshift
                0x080080d8       0xa2 c:/program files (x86)/embitz/1.11/share/em_armgcc/bin/../lib/gcc/arm-none-eabi/5.4.1/../../../../arm-none-eabi/lib/armv7-m\libg_n.a(lib_a-mprec.o)
                0x080080d8                __lshift
 .text.__mcmp   0x0800817a       0x38 c:/program files (x86)/embitz/1.11/share/em_armgcc/bin/../lib/gcc/arm-none-eabi/5.4.1/../../../../arm-none-eabi/lib/armv7-m\libg_n.a(lib_a-mprec.o)
                0x0800817a                __mcmp
 .text.__mdiff  0x080081b2       0xbe c:/program files (x86)/embitz/1.11/share/em_armgcc/bin/../lib/gcc/arm-none-eabi/5.4.1/../../../../arm-none-eabi/lib/armv7-m\libg_n.a(lib_a-mprec.o)
                0x080081b2                __mdiff
 .text.__ulp    0x08008270       0x48 c:/program files (x86)/embitz/1.11/share/em_armgcc/bin/../lib/gcc/arm-none-eabi/5.4.1/../../../../arm-none-eabi/lib/armv7-m\libg_n.a(lib_a-mprec.o)
                0x08008270                __ulp
 .text.__b2d    0x080082b8       0x9a c:/program files (x86)/embitz/1.11/share/em_armgcc/bin/../lib/gcc/arm-none-eabi/5.4.1/../../../../arm-none-eabi/lib/armv7-m\libg_n.a(lib_a-mprec.o)
                0x080082b8                __b2d
 .text.__d2b    0x08008352       0x9c c:/program files (x86)/embitz/1.11/share/em_armgcc/bin/../lib/gcc/arm-none-eabi/5.4.1/../../../../arm-none-eabi/lib/armv7-m\libg_n.a(lib_a-mprec.o)
                0x08008352                __d2b
 .text.__ratio  0x080083ee       0x50 c:/program files (x86)/embitz/1.11/share/em_armgcc/bin/../lib/gcc/arm-none-eabi/5.4.1/../../../../arm-none-eabi/lib/armv7-m\libg_n.a(lib_a-mprec.o)
                0x080083ee                __ratio
 .text.__copybits
                0x0800843e       0x34 c:/program files (x86)/embitz/1.11/share/em_armgcc/bin/../lib/gcc/arm-none-eabi/5.4.1/../../../../arm-none-eabi/lib/armv7-m\libg_n.a(lib_a-mprec.o)
                0x0800843e                __copybits
 .text.__any_on
                0x08008472       0x44 c:/program files (x86)/embitz/1.11/share/em_armgcc/bin/../lib/gcc/arm-none-eabi/5.4.1/../../../../arm-none-eabi/lib/armv7-m\libg_n.a(lib_a-mprec.o)
                0x08008472                __any_on
 .text._calloc_r
                0x080084b6       0x1c c:/program files (x86)/embitz/1.11/share/em_armgcc/bin/../lib/gcc/arm-none-eabi/5.4.1/../../../../arm-none-eabi/lib/armv7-m\libg_n.a(lib_a-nano-callocr.o)
                0x080084b6                _calloc_r
 *fill*         0x080084d2        0x2 
 .text._free_r  0x080084d4       0x98 c:/program files (x86)/embitz/1.11/share/em_armgcc/bin/../lib/gcc/arm-none-eabi/5.4.1/../../../../arm-none-eabi/lib/armv7-m\libg_n.a(lib_a-nano-freer.o)
                0x080084d4                _free_r
 .text._malloc_r
                0x0800856c       0xbc c:/program files (x86)/embitz/1.11/share/em_armgcc/bin/../lib/gcc/arm-none-eabi/5.4.1/../../../../arm-none-eabi/lib/armv7-m\libg_n.a(lib_a-nano-mallocr.o)
                0x0800856c                _malloc_r
 .text.__ssputs_r
                0x08008628       0xb2 c:/program files (x86)/embitz/1.11/share/em_armgcc/bin/../lib/gcc/arm-none-eabi/5.4.1/../../../../arm-none-eabi/lib/armv7-m\libg_n.a(lib_a-nano-svfprintf.o)
                0x08008628                __ssputs_r
 *fill*         0x080086da        0x2 
 .text._svfprintf_r
                0x080086dc      0x1e8 c:/program files (x86)/embitz/1.11/share/em_armgcc/bin/../lib/gcc/arm-none-eabi/5.4.1/../../../../arm-none-eabi/lib/armv7-m\libg_n.a(lib_a-nano-svfprintf.o)
                0x080086dc                _svfiprintf_r
                0x080086dc                _svfprintf_r
 .text._sungetc_r
                0x080088c4       0x7c c:/program files (x86)/embitz/1.11/share/em_armgcc/bin/../lib/gcc/arm-none-eabi/5.4.1/../../../../arm-none-eabi/lib/armv7-m\libg_n.a(lib_a-nano-svfscanf.o)
                0x080088c4                _sungetc_r
 .text.__ssrefill_r
                0x08008940       0x3a c:/program files (x86)/embitz/1.11/share/em_armgcc/bin/../lib/gcc/arm-none-eabi/5.4.1/../../../../arm-none-eabi/lib/armv7-m\libg_n.a(lib_a-nano-svfscanf.o)
                0x08008940                __ssrefill_r
 *fill*         0x0800897a        0x2 
 .text.__ssvfscanf_r
                0x0800897c      0x2a8 c:/program files (x86)/embitz/1.11/share/em_armgcc/bin/../lib/gcc/arm-none-eabi/5.4.1/../../../../arm-none-eabi/lib/armv7-m\libg_n.a(lib_a-nano-svfscanf.o)
                0x0800897c                __ssvfiscanf_r
                0x0800897c                __ssvfscanf_r
 .text.__sfputc_r
                0x08008c24       0x2c c:/program files (x86)/embitz/1.11/share/em_armgcc/bin/../lib/gcc/arm-none-eabi/5.4.1/../../../../arm-none-eabi/lib/armv7-m\libg_n.a(lib_a-nano-vfprintf.o)
 .text.__sfputs_r
                0x08008c50       0x24 c:/program files (x86)/embitz/1.11/share/em_armgcc/bin/../lib/gcc/arm-none-eabi/5.4.1/../../../../arm-none-eabi/lib/armv7-m\libg_n.a(lib_a-nano-vfprintf.o)
                0x08008c50                __sfputs_r
 .text._vfprintf_r
                0x08008c74      0x238 c:/program files (x86)/embitz/1.11/share/em_armgcc/bin/../lib/gcc/arm-none-eabi/5.4.1/../../../../arm-none-eabi/lib/armv7-m\libg_n.a(lib_a-nano-vfprintf.o)
                0x08008c74                _vfprintf_r
                0x08008c74                _vfiprintf_r
 .text.__svfscanf_r
                0x08008eac      0x2a8 c:/program files (x86)/embitz/1.11/share/em_armgcc/bin/../lib/gcc/arm-none-eabi/5.4.1/../../../../arm-none-eabi/lib/armv7-m\libg_n.a(lib_a-nano-vfscanf.o)
                0x08008eac                __svfscanf_r
                0x08008eac                __svfiscanf_r
 .text._vfscanf_r
                0x08009154       0x50 c:/program files (x86)/embitz/1.11/share/em_armgcc/bin/../lib/gcc/arm-none-eabi/5.4.1/../../../../arm-none-eabi/lib/armv7-m\libg_n.a(lib_a-nano-vfscanf.o)
                0x08009154                _vfscanf_r
                0x08009154                _vfiscanf_r
 .text._scanf_chars
                0x080091a4       0xcc c:/program files (x86)/embitz/1.11/share/em_armgcc/bin/../lib/gcc/arm-none-eabi/5.4.1/../../../../arm-none-eabi/lib/armv7-m\libg_n.a(lib_a-nano-vfscanf_i.o)
                0x080091a4                _scanf_chars
 .text._scanf_i
                0x08009270      0x1e4 c:/program files (x86)/embitz/1.11/share/em_armgcc/bin/../lib/gcc/arm-none-eabi/5.4.1/../../../../arm-none-eabi/lib/armv7-m\libg_n.a(lib_a-nano-vfscanf_i.o)
                0x08009270                _scanf_i
 .text._read_r  0x08009454       0x24 c:/program files (x86)/embitz/1.11/share/em_armgcc/bin/../lib/gcc/arm-none-eabi/5.4.1/../../../../arm-none-eabi/lib/armv7-m\libg_n.a(lib_a-readr.o)
                0x08009454                _read_r
 .text.lflush   0x08009478       0x12 c:/program files (x86)/embitz/1.11/share/em_armgcc/bin/../lib/gcc/arm-none-eabi/5.4.1/../../../../arm-none-eabi/lib/armv7-m\libg_n.a(lib_a-refill.o)
 *fill*         0x0800948a        0x2 
 .text.__srefill_r
                0x0800948c      0x110 c:/program files (x86)/embitz/1.11/share/em_armgcc/bin/../lib/gcc/arm-none-eabi/5.4.1/../../../../arm-none-eabi/lib/armv7-m\libg_n.a(lib_a-refill.o)
                0x0800948c                __srefill_r
 .text._sbrk_r  0x0800959c       0x20 c:/program files (x86)/embitz/1.11/share/em_armgcc/bin/../lib/gcc/arm-none-eabi/5.4.1/../../../../arm-none-eabi/lib/armv7-m\libg_n.a(lib_a-sbrkr.o)
                0x0800959c                _sbrk_r
 .text.__sccl   0x080095bc       0x60 c:/program files (x86)/embitz/1.11/share/em_armgcc/bin/../lib/gcc/arm-none-eabi/5.4.1/../../../../arm-none-eabi/lib/armv7-m\libg_n.a(lib_a-sccl.o)
                0x080095bc                __sccl
 .text.strncmp  0x0800961c       0x2a c:/program files (x86)/embitz/1.11/share/em_armgcc/bin/../lib/gcc/arm-none-eabi/5.4.1/../../../../arm-none-eabi/lib/armv7-m\libg_n.a(lib_a-strncmp.o)
                0x0800961c                strncmp
 *fill*         0x08009646        0x2 
 .text._strtoul_r
                0x08009648       0xfc c:/program files (x86)/embitz/1.11/share/em_armgcc/bin/../lib/gcc/arm-none-eabi/5.4.1/../../../../arm-none-eabi/lib/armv7-m\libg_n.a(lib_a-strtoul.o)
                0x08009648                _strtoul_r
 .text.__submore
                0x08009744       0x72 c:/program files (x86)/embitz/1.11/share/em_armgcc/bin/../lib/gcc/arm-none-eabi/5.4.1/../../../../arm-none-eabi/lib/armv7-m\libg_n.a(lib_a-ungetc.o)
                0x08009744                __submore
 *fill*         0x080097b6        0x2 
 .text._ungetc_r
                0x080097b8       0xe4 c:/program files (x86)/embitz/1.11/share/em_armgcc/bin/../lib/gcc/arm-none-eabi/5.4.1/../../../../arm-none-eabi/lib/armv7-m\libg_n.a(lib_a-ungetc.o)
                0x080097b8                _ungetc_r
 .text._fstat_r
                0x0800989c       0x24 c:/program files (x86)/embitz/1.11/share/em_armgcc/bin/../lib/gcc/arm-none-eabi/5.4.1/../../../../arm-none-eabi/lib/armv7-m\libg_n.a(lib_a-fstatr.o)
                0x0800989c                _fstat_r
 .text._isatty_r
                0x080098c0       0x20 c:/program files (x86)/embitz/1.11/share/em_armgcc/bin/../lib/gcc/arm-none-eabi/5.4.1/../../../../arm-none-eabi/lib/armv7-m\libg_n.a(lib_a-isattyr.o)
                0x080098c0                _isatty_r
 .text.memmove  0x080098e0       0x36 c:/program files (x86)/embitz/1.11/share/em_armgcc/bin/../lib/gcc/arm-none-eabi/5.4.1/../../../../arm-none-eabi/lib/armv7-m\libg_n.a(lib_a-memmove.o)
                0x080098e0                memmove
 .text.__malloc_lock
                0x08009916        0x2 c:/program files (x86)/embitz/1.11/share/em_armgcc/bin/../lib/gcc/arm-none-eabi/5.4.1/../../../../arm-none-eabi/lib/armv7-m\libg_n.a(lib_a-mlock.o)
                0x08009916                __malloc_lock
 .text.__malloc_unlock
                0x08009918        0x2 c:/program files (x86)/embitz/1.11/share/em_armgcc/bin/../lib/gcc/arm-none-eabi/5.4.1/../../../../arm-none-eabi/lib/armv7-m\libg_n.a(lib_a-mlock.o)
                0x08009918                __malloc_unlock
 .text._realloc_r
                0x0800991a       0x4c c:/program files (x86)/embitz/1.11/share/em_armgcc/bin/../lib/gcc/arm-none-eabi/5.4.1/../../../../arm-none-eabi/lib/armv7-m\libg_n.a(lib_a-nano-reallocr.o)
                0x0800991a                _realloc_r
 .text._malloc_usable_size_r
                0x08009966       0x14 c:/program files (x86)/embitz/1.11/share/em_armgcc/bin/../lib/gcc/arm-none-eabi/5.4.1/../../../../arm-none-eabi/lib/armv7-m\libg_n.a(lib_a-nano-msizer.o)
                0x08009966                _malloc_usable_size_r
 *fill*         0x0800997a        0x2 
 .text          0x0800997c      0x110 c:/program files (x86)/embitz/1.11/share/em_armgcc/bin/../lib/gcc/arm-none-eabi/5.4.1/armv7-m\libgcc.a(_arm_cmpdf2.o)
                0x0800997c                __gtdf2
                0x0800997c                __gedf2
                0x08009984                __ltdf2
                0x08009984                __ledf2
                0x0800998c                __nedf2
                0x0800998c                __eqdf2
                0x0800998c                __cmpdf2
                0x08009a08                __aeabi_cdrcmple
                0x08009a18                __aeabi_cdcmpeq
                0x08009a18                __aeabi_cdcmple
                0x08009a28                __aeabi_dcmpeq
                0x08009a3c                __aeabi_dcmplt
                0x08009a50                __aeabi_dcmple
                0x08009a64                __aeabi_dcmpge
                0x08009a78                __aeabi_dcmpgt
 .text          0x08009a8c       0x2c c:/program files (x86)/embitz/1.11/share/em_armgcc/bin/../lib/gcc/arm-none-eabi/5.4.1/armv7-m\libgcc.a(_arm_unorddf2.o)
                0x08009a8c                __unorddf2
                0x08009a8c                __aeabi_dcmpun
 .text          0x08009ab8       0x50 c:/program files (x86)/embitz/1.11/share/em_armgcc/bin/../lib/gcc/arm-none-eabi/5.4.1/armv7-m\libgcc.a(_arm_fixdfsi.o)
                0x08009ab8                __aeabi_d2iz
                0x08009ab8                __fixdfsi
 .text._close   0x08009b08       0x10 c:/program files (x86)/embitz/1.11/share/em_armgcc/bin/../lib/gcc/arm-none-eabi/5.4.1/../../../../arm-none-eabi/lib/armv7-m\libnosys_s.a(close.o)
                0x08009b08                _close
 .text._fstat   0x08009b18       0x10 c:/program files (x86)/embitz/1.11/share/em_armgcc/bin/../lib/gcc/arm-none-eabi/5.4.1/../../../../arm-none-eabi/lib/armv7-m\libnosys_s.a(fstat.o)
                0x08009b18                _fstat
 .text._isatty  0x08009b28       0x10 c:/program files (x86)/embitz/1.11/share/em_armgcc/bin/../lib/gcc/arm-none-eabi/5.4.1/../../../../arm-none-eabi/lib/armv7-m\libnosys_s.a(isatty.o)
                0x08009b28                _isatty
 .text._lseek   0x08009b38       0x10 c:/program files (x86)/embitz/1.11/share/em_armgcc/bin/../lib/gcc/arm-none-eabi/5.4.1/../../../../arm-none-eabi/lib/armv7-m\libnosys_s.a(lseek.o)
                0x08009b38                _lseek
 .text._sbrk    0x08009b48       0x1c c:/program files (x86)/embitz/1.11/share/em_armgcc/bin/../lib/gcc/arm-none-eabi/5.4.1/../../../../arm-none-eabi/lib/armv7-m\libnosys_s.a(sbrk.o)
                0x08009b48                _sbrk
 .text._exit    0x08009b64        0x2 c:/program files (x86)/embitz/1.11/share/em_armgcc/bin/../lib/gcc/arm-none-eabi/5.4.1/../../../../arm-none-eabi/lib/armv7-m\libnosys_s.a(_exit.o)
                0x08009b64                _exit
 *(.init)
 *fill*         0x08009b66        0x2 
 .init          0x08009b68        0x4 c:/program files (x86)/embitz/1.11/share/em_armgcc/bin/../lib/gcc/arm-none-eabi/5.4.1/armv7-m/crti.o
                0x08009b68                _init
 .init          0x08009b6c        0x8 c:/program files (x86)/embitz/1.11/share/em_armgcc/bin/../lib/gcc/arm-none-eabi/5.4.1/armv7-m/crtn.o
 *(.fini)
 .fini          0x08009b74        0x4 c:/program files (x86)/embitz/1.11/share/em_armgcc/bin/../lib/gcc/arm-none-eabi/5.4.1/armv7-m/crti.o
                0x08009b74                _fini
 .fini          0x08009b78        0x8 c:/program files (x86)/embitz/1.11/share/em_armgcc/bin/../lib/gcc/arm-none-eabi/5.4.1/armv7-m/crtn.o
 *crtbegin.o(.ctors)
 *crtbegin?.o(.ctors)
 *(EXCLUDE_FILE(*crtend.o *crtend?.o) .ctors)
 *(SORT(.ctors.*))
 *(.ctors)
 *crtbegin.o(.dtors)
 *crtbegin?.o(.dtors)
 *(EXCLUDE_FILE(*crtend.o *crtend?.o) .dtors)
 *(SORT(.dtors.*))
 *(.dtors)
 *(.rodata*)
 .rodata        0x08009b80       0x10 obj\release\board_support\at_cmd_support.o
 .rodata.str1.4
                0x08009b90      0x15d obj\release\board_support\at_cmd_support.o
                                0x161 (size before relaxing)
 *fill*         0x08009ced        0x3 
 .rodata.resp_end_ERR
                0x08009cf0        0x6 obj\release\board_support\at_cmd_support.o
 *fill*         0x08009cf6        0x2 
 .rodata.resp_end_OK
                0x08009cf8        0x3 obj\release\board_support\at_cmd_support.o
 *fill*         0x08009cfb        0x1 
 .rodata.str1.4
                0x08009cfc       0xf4 obj\release\board_support\board_support_api.o
 .rodata.location_identifier
                0x08009df0        0x7 obj\release\board_support\gnss_support.o
                0x08009df0                location_identifier
 *fill*         0x08009df7        0x1 
 .rodata.str1.4
                0x08009df8     0x1421 obj\release\board_support\menu_handlers.o
                               0x1449 (size before relaxing)
 *fill*         0x0800b219        0x3 
 .rodata.menu_items
                0x0800b21c      0xb94 obj\release\board_support\menu_handlers.o
                0x0800b21c                menu_items
 .rodata.str1.4
                0x0800bdb0      0xfd8 obj\release\src\main.o
                               0x1075 (size before relaxing)
 .rodata.str1.1
                0x0800cd88        0x2 c:/program files (x86)/embitz/1.11/share/em_armgcc/bin/../lib/gcc/arm-none-eabi/5.4.1/../../../../arm-none-eabi/lib/armv7-m\libg_n.a(lib_a-impure.o)
 *fill*         0x0800cd8a        0x2 
 .rodata._global_impure_ptr
                0x0800cd8c        0x4 c:/program files (x86)/embitz/1.11/share/em_armgcc/bin/../lib/gcc/arm-none-eabi/5.4.1/../../../../arm-none-eabi/lib/armv7-m\libg_n.a(lib_a-impure.o)
                0x0800cd8c                _global_impure_ptr
 .rodata.str1.1
                0x0800cd90       0x10 c:/program files (x86)/embitz/1.11/share/em_armgcc/bin/../lib/gcc/arm-none-eabi/5.4.1/../../../../arm-none-eabi/lib/armv7-m\libg_n.a(lib_a-nano-vfprintf_float.o)
                                 0x12 (size before relaxing)
 .rodata.str1.1
                0x0800cda0       0x22 c:/program files (x86)/embitz/1.11/share/em_armgcc/bin/../lib/gcc/arm-none-eabi/5.4.1/../../../../arm-none-eabi/lib/armv7-m\libg_n.a(lib_a-nano-vfprintf_i.o)
 *fill*         0x0800cdc2        0x2 
 .rodata.fpinan.5401
                0x0800cdc4       0x14 c:/program files (x86)/embitz/1.11/share/em_armgcc/bin/../lib/gcc/arm-none-eabi/5.4.1/../../../../arm-none-eabi/lib/armv7-m\libg_n.a(lib_a-strtod.o)
 .rodata.str1.1
                0x0800cdd8       0x22 c:/program files (x86)/embitz/1.11/share/em_armgcc/bin/../lib/gcc/arm-none-eabi/5.4.1/../../../../arm-none-eabi/lib/armv7-m\libg_n.a(lib_a-strtod.o)
                                  0xc (size before relaxing)
 .rodata.fpi.5365
                0x0800cdd8       0x14 c:/program files (x86)/embitz/1.11/share/em_armgcc/bin/../lib/gcc/arm-none-eabi/5.4.1/../../../../arm-none-eabi/lib/armv7-m\libg_n.a(lib_a-strtod.o)
 *fill*         0x0800cdec        0x4 
 .rodata.tinytens
                0x0800cdf0       0x28 c:/program files (x86)/embitz/1.11/share/em_armgcc/bin/../lib/gcc/arm-none-eabi/5.4.1/../../../../arm-none-eabi/lib/armv7-m\libg_n.a(lib_a-strtod.o)
 .rodata._ctype_
                0x0800ce18      0x101 c:/program files (x86)/embitz/1.11/share/em_armgcc/bin/../lib/gcc/arm-none-eabi/5.4.1/../../../../arm-none-eabi/lib/armv7-m\libg_n.a(lib_a-ctype_.o)
                0x0800ce18                _ctype_
 .rodata.str1.1
                0x0800cf19        0xd c:/program files (x86)/embitz/1.11/share/em_armgcc/bin/../lib/gcc/arm-none-eabi/5.4.1/../../../../arm-none-eabi/lib/armv7-m\libg_n.a(lib_a-dtoa.o)
                                  0xf (size before relaxing)
 *fill*         0x0800cf26        0x2 
 .rodata.__sf_fake_stdin
                0x0800cf28       0x20 c:/program files (x86)/embitz/1.11/share/em_armgcc/bin/../lib/gcc/arm-none-eabi/5.4.1/../../../../arm-none-eabi/lib/armv7-m\libg_n.a(lib_a-findfp.o)
                0x0800cf28                __sf_fake_stdin
 .rodata.__sf_fake_stdout
                0x0800cf48       0x20 c:/program files (x86)/embitz/1.11/share/em_armgcc/bin/../lib/gcc/arm-none-eabi/5.4.1/../../../../arm-none-eabi/lib/armv7-m\libg_n.a(lib_a-findfp.o)
                0x0800cf48                __sf_fake_stdout
 .rodata.__sf_fake_stderr
                0x0800cf68       0x20 c:/program files (x86)/embitz/1.11/share/em_armgcc/bin/../lib/gcc/arm-none-eabi/5.4.1/../../../../arm-none-eabi/lib/armv7-m\libg_n.a(lib_a-findfp.o)
                0x0800cf68                __sf_fake_stderr
 .rodata.str1.1
                0x0800cf88        0x8 c:/program files (x86)/embitz/1.11/share/em_armgcc/bin/../lib/gcc/arm-none-eabi/5.4.1/../../../../arm-none-eabi/lib/armv7-m\libg_n.a(lib_a-locale.o)
                                  0xb (size before relaxing)
 .rodata.__mprec_tens
                0x0800cf90       0xc8 c:/program files (x86)/embitz/1.11/share/em_armgcc/bin/../lib/gcc/arm-none-eabi/5.4.1/../../../../arm-none-eabi/lib/armv7-m\libg_n.a(lib_a-mprec.o)
                0x0800cf90                __mprec_tens
 .rodata.p05.5408
                0x0800d058        0xc c:/program files (x86)/embitz/1.11/share/em_armgcc/bin/../lib/gcc/arm-none-eabi/5.4.1/../../../../arm-none-eabi/lib/armv7-m\libg_n.a(lib_a-mprec.o)
 *fill*         0x0800d064        0x4 
 .rodata.__mprec_bigtens
                0x0800d068       0x28 c:/program files (x86)/embitz/1.11/share/em_armgcc/bin/../lib/gcc/arm-none-eabi/5.4.1/../../../../arm-none-eabi/lib/armv7-m\libg_n.a(lib_a-mprec.o)
                0x0800d068                __mprec_bigtens
 .rodata.str1.1
                0x0800d090       0x11 c:/program files (x86)/embitz/1.11/share/em_armgcc/bin/../lib/gcc/arm-none-eabi/5.4.1/../../../../arm-none-eabi/lib/armv7-m\libg_n.a(lib_a-nano-svfprintf.o)
 .rodata.str1.1
                0x0800d0a1        0x4 c:/program files (x86)/embitz/1.11/share/em_armgcc/bin/../lib/gcc/arm-none-eabi/5.4.1/../../../../arm-none-eabi/lib/armv7-m\libg_n.a(lib_a-nano-svfscanf.o)
 .rodata.str1.1
                0x0800d0a1       0x11 c:/program files (x86)/embitz/1.11/share/em_armgcc/bin/../lib/gcc/arm-none-eabi/5.4.1/../../../../arm-none-eabi/lib/armv7-m\libg_n.a(lib_a-nano-vfprintf.o)
 .rodata.str1.1
                0x0800d0a1        0x4 c:/program files (x86)/embitz/1.11/share/em_armgcc/bin/../lib/gcc/arm-none-eabi/5.4.1/../../../../arm-none-eabi/lib/armv7-m\libg_n.a(lib_a-nano-vfscanf.o)
 *fill*         0x0800d0a1        0x3 
 .rodata        0x0800d0a4        0xc c:/program files (x86)/embitz/1.11/share/em_armgcc/bin/../lib/gcc/arm-none-eabi/5.4.1/../../../../arm-none-eabi/lib/armv7-m\libg_n.a(lib_a-nano-vfscanf_i.o)
 .rodata.str1.1
                0x0800d0b0       0x1b c:/program files (x86)/embitz/1.11/share/em_armgcc/bin/../lib/gcc/arm-none-eabi/5.4.1/../../../../arm-none-eabi/lib/armv7-m\libg_n.a(lib_a-nano-vfscanf_i.o)
 *(.eh_frame*)
 *fill*         0x0800d0cb        0x1 
 .eh_frame      0x0800d0cc        0x0 c:/program files (x86)/embitz/1.11/share/em_armgcc/bin/../lib/gcc/arm-none-eabi/5.4.1/armv7-m/crtbegin.o
 .eh_frame      0x0800d0cc        0x4 c:/program files (x86)/embitz/1.11/share/em_armgcc/bin/../lib/gcc/arm-none-eabi/5.4.1/armv7-m/crtend.o

.glue_7         0x0800d0d0        0x0
 .glue_7        0x0800d0d0        0x0 linker stubs

.glue_7t        0x0800d0d0        0x0
 .glue_7t       0x0800d0d0        0x0 linker stubs

.vfp11_veneer   0x0800d0d0        0x0
 .vfp11_veneer  0x0800d0d0        0x0 linker stubs

.v4_bx          0x0800d0d0        0x0
 .v4_bx         0x0800d0d0        0x0 linker stubs

.iplt           0x0800d0d0        0x0
 .iplt          0x0800d0d0        0x0 c:/program files (x86)/embitz/1.11/share/em_armgcc/bin/../lib/gcc/arm-none-eabi/5.4.1/armv7-m/crtbegin.o

.ARM.extab
 *(.ARM.extab* .gnu.linkonce.armextab.*)
                0x0800d0d0                __exidx_start = .

.ARM.exidx      0x0800d0d0        0x8
 *(.ARM.exidx* .gnu.linkonce.armexidx.*)
 .ARM.exidx     0x0800d0d0        0x8 c:/program files (x86)/embitz/1.11/share/em_armgcc/bin/../lib/gcc/arm-none-eabi/5.4.1/../../../../arm-none-eabi/lib/armv7-m/crt0.o
                0x0800d0d8                __exidx_end = .
                0x0800d0d8                __etext = .

.rel.dyn        0x0800d0d8        0x0
 .rel.iplt      0x0800d0d8        0x0 c:/program files (x86)/embitz/1.11/share/em_armgcc/bin/../lib/gcc/arm-none-eabi/5.4.1/armv7-m/crtbegin.o

.data           0x20000000      0x120 load address 0x0800d0d8
                0x20000000                __data_start__ = .
 *(vtable)
 *(.data*)
 .data.URC_search_list
                0x20000000       0x26 obj\release\board_support\at_cmd_support.o
                0x20000000                URC_search_list
 *fill*         0x20000026        0x2 
 .data.gnss_string.6893
                0x20000028       0x50 obj\release\src\main.o
 .data.impure_data
                0x20000078       0x60 c:/program files (x86)/embitz/1.11/share/em_armgcc/bin/../lib/gcc/arm-none-eabi/5.4.1/../../../../arm-none-eabi/lib/armv7-m\libg_n.a(lib_a-impure.o)
 .data._impure_ptr
                0x200000d8        0x4 c:/program files (x86)/embitz/1.11/share/em_armgcc/bin/../lib/gcc/arm-none-eabi/5.4.1/../../../../arm-none-eabi/lib/armv7-m\libg_n.a(lib_a-impure.o)
                0x200000d8                _impure_ptr
 .data.__ctype_ptr__
                0x200000dc        0x4 c:/program files (x86)/embitz/1.11/share/em_armgcc/bin/../lib/gcc/arm-none-eabi/5.4.1/../../../../arm-none-eabi/lib/armv7-m\libg_n.a(lib_a-ctype_.o)
                0x200000dc                __ctype_ptr__
 .data.lconv    0x200000e0       0x38 c:/program files (x86)/embitz/1.11/share/em_armgcc/bin/../lib/gcc/arm-none-eabi/5.4.1/../../../../arm-none-eabi/lib/armv7-m\libg_n.a(lib_a-locale.o)
                0x20000118                . = ALIGN (0x4)
                0x20000118                PROVIDE (__preinit_array_start, .)
 *(.preinit_array)
                0x20000118                PROVIDE (__preinit_array_end, .)
                0x20000118                . = ALIGN (0x4)
                0x20000118                PROVIDE (__init_array_start, .)
 *(SORT(.init_array.*))
 *(.init_array)
 .init_array    0x20000118        0x4 c:/program files (x86)/embitz/1.11/share/em_armgcc/bin/../lib/gcc/arm-none-eabi/5.4.1/armv7-m/crtbegin.o
                0x2000011c                PROVIDE (__init_array_end, .)
                0x2000011c                . = ALIGN (0x4)
                [!provide]                PROVIDE (__fini_array_start, .)
 *(SORT(.fini_array.*))
 *(.fini_array)
 .fini_array    0x2000011c        0x4 c:/program files (x86)/embitz/1.11/share/em_armgcc/bin/../lib/gcc/arm-none-eabi/5.4.1/armv7-m/crtbegin.o
                [!provide]                PROVIDE (__fini_array_end, .)
                0x20000120                . = ALIGN (0x4)
                0x20000120                __data_end__ = .

.jcr            0x20000120        0x0 load address 0x0800d1f8
 .jcr           0x20000120        0x0 c:/program files (x86)/embitz/1.11/share/em_armgcc/bin/../lib/gcc/arm-none-eabi/5.4.1/armv7-m/crtbegin.o

.igot.plt       0x20000120        0x0 load address 0x0800d1f8
 .igot.plt      0x20000120        0x0 c:/program files (x86)/embitz/1.11/share/em_armgcc/bin/../lib/gcc/arm-none-eabi/5.4.1/armv7-m/crtbegin.o

.bss            0x20000120     0x1368 load address 0x0800d1f8
                0x20000120                __bss_start__ = .
 *(.bss*)
 .bss           0x20000120       0x1c c:/program files (x86)/embitz/1.11/share/em_armgcc/bin/../lib/gcc/arm-none-eabi/5.4.1/armv7-m/crtbegin.o
 .bss.response_buffer
                0x2000013c      0x400 obj\release\board_support\at_cmd_support.o
 .bss.OK_index  0x2000053c        0x1 obj\release\board_support\at_cmd_support.o
 .bss.ERR_index
                0x2000053d        0x1 obj\release\board_support\at_cmd_support.o
 .bss.resp_buffer_overflow
                0x2000053e        0x1 obj\release\board_support\at_cmd_support.o
 *fill*         0x2000053f        0x1 
 .bss.buffer_index
                0x20000540        0x2 obj\release\board_support\at_cmd_support.o
 .bss.lock_buffer
                0x20000542        0x1 obj\release\board_support\at_cmd_support.o
 .bss.resp_buffer_overrun
                0x20000543        0x1 obj\release\board_support\at_cmd_support.o
 .bss.resp_received
                0x20000544        0x1 obj\release\board_support\at_cmd_support.o
 .bss.awu_initialized
                0x20000545        0x1 obj\release\board_support\awu_api.o
 *fill*         0x20000546        0x2 
 .bss.uptime_counter
                0x20000548        0x4 obj\release\board_support\board_support_api.o
                0x20000548                uptime_counter
 .bss.button_press_detected
                0x2000054c        0x1 obj\release\board_support\board_support_api.o
                0x2000054c                button_press_detected
 *fill*         0x2000054d        0x3 
 .bss.CYCLES_PER_1SEC
                0x20000550        0x4 obj\release\board_support\board_support_api.o
                0x20000550                CYCLES_PER_1SEC
 .bss.LSE_failed
                0x20000554        0x1 obj\release\board_support\board_support_api.o
                0x20000554                LSE_failed
 *fill*         0x20000555        0x3 
 .bss.button_press_counter
                0x20000558        0x4 obj\release\board_support\board_support_api.o
                0x20000558                button_press_counter
 .bss.gnss_data_buffer
                0x2000055c      0x400 obj\release\board_support\gnss_support.o
 .bss.id_index  0x2000095c        0x1 obj\release\board_support\gnss_support.o
 .bss.GNSS_location_found
                0x2000095d        0x1 obj\release\board_support\gnss_support.o
 .bss.buf_index
                0x2000095e        0x2 obj\release\board_support\gnss_support.o
 .bss.GNSS_location_stored
                0x20000960        0x1 obj\release\board_support\gnss_support.o
 *fill*         0x20000961        0x3 
 .bss.NIDD_data.6889
                0x20000964      0x200 obj\release\board_support\menu_handlers.o
 .bss.res_url.6949
                0x20000b64       0x50 obj\release\board_support\menu_handlers.o
 .bss.user_input
                0x20000bb4       0x50 obj\release\board_support\menu_handlers.o
 .bss.CoAP_msg.6950
                0x20000c04      0x17a obj\release\board_support\menu_handlers.o
 *fill*         0x20000d7e        0x2 
 .bss.resp_buffer.6875
                0x20000d80      0x200 obj\release\board_support\menu_handlers.o
 .bss.URI_copy  0x20000f80       0x80 obj\release\coap\coap_essentials.o
 .bss.URI_ptrs  0x20001000       0x28 obj\release\coap\coap_essentials.o
 .bss.message_ID_counter.4641
                0x20001028        0x1 obj\release\coap\coap_essentials.o
 *fill*         0x20001029        0x3 
 .bss.CoAP_msg_buffer.6882
                0x2000102c      0x17a obj\release\src\main.o
 *fill*         0x200011a6        0x2 
 .bss.json_string.6880
                0x200011a8       0xc8 obj\release\src\main.o
 .bss.NIDD_response_data.6897
                0x20001270      0x208 obj\release\src\main.o
 .bss.__malloc_sbrk_start
                0x20001478        0x4 c:/program files (x86)/embitz/1.11/share/em_armgcc/bin/../lib/gcc/arm-none-eabi/5.4.1/../../../../arm-none-eabi/lib/armv7-m\libg_n.a(lib_a-nano-mallocr.o)
                0x20001478                __malloc_sbrk_start
 .bss.__malloc_free_list
                0x2000147c        0x4 c:/program files (x86)/embitz/1.11/share/em_armgcc/bin/../lib/gcc/arm-none-eabi/5.4.1/../../../../arm-none-eabi/lib/armv7-m\libg_n.a(lib_a-nano-mallocr.o)
                0x2000147c                __malloc_free_list
 .bss.heap_end.4167
                0x20001480        0x4 c:/program files (x86)/embitz/1.11/share/em_armgcc/bin/../lib/gcc/arm-none-eabi/5.4.1/../../../../arm-none-eabi/lib/armv7-m\libnosys_s.a(sbrk.o)
 *(COMMON)
 COMMON         0x20001484        0x4 c:/program files (x86)/embitz/1.11/share/em_armgcc/bin/../lib/gcc/arm-none-eabi/5.4.1/../../../../arm-none-eabi/lib/armv7-m\libg_n.a(lib_a-reent.o)
                0x20001484                errno
                0x20001488                __bss_end__ = .

.heap           0x20001488        0x0
                0x20001488                __end__ = .
                0x20001488                end = __end__
 *(.heap*)
 .heap          0x20001488        0x0 obj\release\src\startup_stm32l1xx_hd.o
                0x20001488                __HeapLimit = .

.stack_dummy    0x20001488      0x800
 *(.stack)
 .stack         0x20001488      0x800 obj\release\src\startup_stm32l1xx_hd.o
                0x20014000                __StackTop = (ORIGIN (RAM) + LENGTH (RAM))
                0x20013800                __StackLimit = (__StackTop - SIZEOF (.stack_dummy))
                0x20014000                PROVIDE (__stack, __StackTop)
                0x00000001                ASSERT ((__StackLimit >= __HeapLimit), region RAM overflowed with stack)
LOAD obj\release\board_support\at_cmd_support.o
LOAD obj\release\board_support\awu_api.o
LOAD obj\release\board_support\board_support_api.o
LOAD obj\release\board_support\ds1721_driver.o
LOAD obj\release\board_support\gnss_support.o
LOAD obj\release\board_support\i2c_api.o
LOAD obj\release\board_support\lis3dh_driver.o
LOAD obj\release\board_support\menu_handlers.o
LOAD obj\release\board_support\tmp75_driver.o
LOAD obj\release\board_support\uart_api.o
LOAD obj\release\coap\coap_essentials.o
LOAD obj\release\src\main.o
LOAD obj\release\src\startup_stm32l1xx_hd.o
LOAD obj\release\src\system_stm32l1xx.o
START GROUP
LOAD c:/program files (x86)/embitz/1.11/share/em_armgcc/bin/../lib/gcc/arm-none-eabi/5.4.1/armv7-m\libgcc.a
LOAD c:/program files (x86)/embitz/1.11/share/em_armgcc/bin/../lib/gcc/arm-none-eabi/5.4.1/../../../../arm-none-eabi/lib/armv7-m\libg_n.a
LOAD c:/program files (x86)/embitz/1.11/share/em_armgcc/bin/../lib/gcc/arm-none-eabi/5.4.1/../../../../arm-none-eabi/lib/armv7-m\libc_n.a
END GROUP
START GROUP
LOAD c:/program files (x86)/embitz/1.11/share/em_armgcc/bin/../lib/gcc/arm-none-eabi/5.4.1/armv7-m\libgcc.a
LOAD c:/program files (x86)/embitz/1.11/share/em_armgcc/bin/../lib/gcc/arm-none-eabi/5.4.1/../../../../arm-none-eabi/lib/armv7-m\libc_n.a
LOAD c:/program files (x86)/embitz/1.11/share/em_armgcc/bin/../lib/gcc/arm-none-eabi/5.4.1/../../../../arm-none-eabi/lib/armv7-m\libnosys_s.a
END GROUP
LOAD c:/program files (x86)/embitz/1.11/share/em_armgcc/bin/../lib/gcc/arm-none-eabi/5.4.1/armv7-m/crtend.o
LOAD c:/program files (x86)/embitz/1.11/share/em_armgcc/bin/../lib/gcc/arm-none-eabi/5.4.1/armv7-m/crtn.o
OUTPUT(bin\Release\MTS_EvKit_Demo.elf elf32-littlearm)

.ARM.attributes
                0x00000000       0x29
 .ARM.attributes
                0x00000000       0x1d c:/program files (x86)/embitz/1.11/share/em_armgcc/bin/../lib/gcc/arm-none-eabi/5.4.1/armv7-m/crti.o
 .ARM.attributes
                0x0000001d       0x2d c:/program files (x86)/embitz/1.11/share/em_armgcc/bin/../lib/gcc/arm-none-eabi/5.4.1/armv7-m/crtbegin.o
 .ARM.attributes
                0x0000004a       0x1b c:/program files (x86)/embitz/1.11/share/em_armgcc/bin/../lib/gcc/arm-none-eabi/5.4.1/../../../../arm-none-eabi/lib/armv7-m/crt0.o
 .ARM.attributes
                0x00000065       0x33 obj\release\board_support\at_cmd_support.o
 .ARM.attributes
                0x00000098       0x33 obj\release\board_support\awu_api.o
 .ARM.attributes
                0x000000cb       0x33 obj\release\board_support\board_support_api.o
 .ARM.attributes
                0x000000fe       0x33 obj\release\board_support\ds1721_driver.o
 .ARM.attributes
                0x00000131       0x33 obj\release\board_support\gnss_support.o
 .ARM.attributes
                0x00000164       0x33 obj\release\board_support\i2c_api.o
 .ARM.attributes
                0x00000197       0x33 obj\release\board_support\lis3dh_driver.o
 .ARM.attributes
                0x000001ca       0x33 obj\release\board_support\menu_handlers.o
 .ARM.attributes
                0x000001fd       0x33 obj\release\board_support\uart_api.o
 .ARM.attributes
                0x00000230       0x33 obj\release\coap\coap_essentials.o
 .ARM.attributes
                0x00000263       0x33 obj\release\src\main.o
 .ARM.attributes
                0x00000296       0x1b obj\release\src\startup_stm32l1xx_hd.o
 .ARM.attributes
                0x000002b1       0x1d c:/program files (x86)/embitz/1.11/share/em_armgcc/bin/../lib/gcc/arm-none-eabi/5.4.1/armv7-m\libgcc.a(_arm_addsubdf3.o)
 .ARM.attributes
                0x000002ce       0x1d c:/program files (x86)/embitz/1.11/share/em_armgcc/bin/../lib/gcc/arm-none-eabi/5.4.1/armv7-m\libgcc.a(_arm_muldivdf3.o)
 .ARM.attributes
                0x000002eb       0x1d c:/program files (x86)/embitz/1.11/share/em_armgcc/bin/../lib/gcc/arm-none-eabi/5.4.1/armv7-m\libgcc.a(_arm_fixunsdfsi.o)
 .ARM.attributes
                0x00000308       0x1d c:/program files (x86)/embitz/1.11/share/em_armgcc/bin/../lib/gcc/arm-none-eabi/5.4.1/armv7-m\libgcc.a(_arm_truncdfsf2.o)
 .ARM.attributes
                0x00000325       0x1d c:/program files (x86)/embitz/1.11/share/em_armgcc/bin/../lib/gcc/arm-none-eabi/5.4.1/armv7-m\libgcc.a(_arm_addsubsf3.o)
 .ARM.attributes
                0x00000342       0x1d c:/program files (x86)/embitz/1.11/share/em_armgcc/bin/../lib/gcc/arm-none-eabi/5.4.1/armv7-m\libgcc.a(_arm_fixunssfsi.o)
 .ARM.attributes
                0x0000035f       0x2d c:/program files (x86)/embitz/1.11/share/em_armgcc/bin/../lib/gcc/arm-none-eabi/5.4.1/../../../../arm-none-eabi/lib/armv7-m\libg_n.a(lib_a-atof.o)
 .ARM.attributes
                0x0000038c       0x2d c:/program files (x86)/embitz/1.11/share/em_armgcc/bin/../lib/gcc/arm-none-eabi/5.4.1/../../../../arm-none-eabi/lib/armv7-m\libg_n.a(lib_a-atoi.o)
 .ARM.attributes
                0x000003b9       0x2d c:/program files (x86)/embitz/1.11/share/em_armgcc/bin/../lib/gcc/arm-none-eabi/5.4.1/../../../../arm-none-eabi/lib/armv7-m\libg_n.a(lib_a-exit.o)
 .ARM.attributes
                0x000003e6       0x2d c:/program files (x86)/embitz/1.11/share/em_armgcc/bin/../lib/gcc/arm-none-eabi/5.4.1/../../../../arm-none-eabi/lib/armv7-m\libg_n.a(lib_a-impure.o)
 .ARM.attributes
                0x00000413       0x2d c:/program files (x86)/embitz/1.11/share/em_armgcc/bin/../lib/gcc/arm-none-eabi/5.4.1/../../../../arm-none-eabi/lib/armv7-m\libg_n.a(lib_a-init.o)
 .ARM.attributes
                0x00000440       0x2d c:/program files (x86)/embitz/1.11/share/em_armgcc/bin/../lib/gcc/arm-none-eabi/5.4.1/../../../../arm-none-eabi/lib/armv7-m\libg_n.a(lib_a-memcpy-stub.o)
 .ARM.attributes
                0x0000046d       0x2d c:/program files (x86)/embitz/1.11/share/em_armgcc/bin/../lib/gcc/arm-none-eabi/5.4.1/../../../../arm-none-eabi/lib/armv7-m\libg_n.a(lib_a-memset.o)
 .ARM.attributes
                0x0000049a       0x2d c:/program files (x86)/embitz/1.11/share/em_armgcc/bin/../lib/gcc/arm-none-eabi/5.4.1/../../../../arm-none-eabi/lib/armv7-m\libg_n.a(lib_a-nano-vfprintf_float.o)
 .ARM.attributes
                0x000004c7       0x2d c:/program files (x86)/embitz/1.11/share/em_armgcc/bin/../lib/gcc/arm-none-eabi/5.4.1/../../../../arm-none-eabi/lib/armv7-m\libg_n.a(lib_a-nano-vfprintf_i.o)
 .ARM.attributes
                0x000004f4       0x2d c:/program files (x86)/embitz/1.11/share/em_armgcc/bin/../lib/gcc/arm-none-eabi/5.4.1/../../../../arm-none-eabi/lib/armv7-m\libg_n.a(lib_a-printf.o)
 .ARM.attributes
                0x00000521       0x2d c:/program files (x86)/embitz/1.11/share/em_armgcc/bin/../lib/gcc/arm-none-eabi/5.4.1/../../../../arm-none-eabi/lib/armv7-m\libg_n.a(lib_a-puts.o)
 .ARM.attributes
                0x0000054e       0x2d c:/program files (x86)/embitz/1.11/share/em_armgcc/bin/../lib/gcc/arm-none-eabi/5.4.1/../../../../arm-none-eabi/lib/armv7-m\libg_n.a(lib_a-rget.o)
 .ARM.attributes
                0x0000057b       0x2d c:/program files (x86)/embitz/1.11/share/em_armgcc/bin/../lib/gcc/arm-none-eabi/5.4.1/../../../../arm-none-eabi/lib/armv7-m\libg_n.a(lib_a-scanf.o)
 .ARM.attributes
                0x000005a8       0x2d c:/program files (x86)/embitz/1.11/share/em_armgcc/bin/../lib/gcc/arm-none-eabi/5.4.1/../../../../arm-none-eabi/lib/armv7-m\libg_n.a(lib_a-setbuf.o)
 .ARM.attributes
                0x000005d5       0x2d c:/program files (x86)/embitz/1.11/share/em_armgcc/bin/../lib/gcc/arm-none-eabi/5.4.1/../../../../arm-none-eabi/lib/armv7-m\libg_n.a(lib_a-setvbuf.o)
 .ARM.attributes
                0x00000602       0x2d c:/program files (x86)/embitz/1.11/share/em_armgcc/bin/../lib/gcc/arm-none-eabi/5.4.1/../../../../arm-none-eabi/lib/armv7-m\libg_n.a(lib_a-snprintf.o)
 .ARM.attributes
                0x0000062f       0x2d c:/program files (x86)/embitz/1.11/share/em_armgcc/bin/../lib/gcc/arm-none-eabi/5.4.1/../../../../arm-none-eabi/lib/armv7-m\libg_n.a(lib_a-sprintf.o)
 .ARM.attributes
                0x0000065c       0x2d c:/program files (x86)/embitz/1.11/share/em_armgcc/bin/../lib/gcc/arm-none-eabi/5.4.1/../../../../arm-none-eabi/lib/armv7-m\libg_n.a(lib_a-sscanf.o)
 .ARM.attributes
                0x00000689       0x2d c:/program files (x86)/embitz/1.11/share/em_armgcc/bin/../lib/gcc/arm-none-eabi/5.4.1/../../../../arm-none-eabi/lib/armv7-m\libg_n.a(lib_a-stdio.o)
 .ARM.attributes
                0x000006b6       0x1b c:/program files (x86)/embitz/1.11/share/em_armgcc/bin/../lib/gcc/arm-none-eabi/5.4.1/../../../../arm-none-eabi/lib/armv7-m\libg_n.a(lib_a-strcmp.o)
 .ARM.attributes
                0x000006d1       0x2d c:/program files (x86)/embitz/1.11/share/em_armgcc/bin/../lib/gcc/arm-none-eabi/5.4.1/../../../../arm-none-eabi/lib/armv7-m\libg_n.a(lib_a-strcpy.o)
 .ARM.attributes
                0x000006fe       0x17 c:/program files (x86)/embitz/1.11/share/em_armgcc/bin/../lib/gcc/arm-none-eabi/5.4.1/../../../../arm-none-eabi/lib/armv7-m\libg_n.a(lib_a-strlen.o)
 .ARM.attributes
                0x00000715       0x2d c:/program files (x86)/embitz/1.11/share/em_armgcc/bin/../lib/gcc/arm-none-eabi/5.4.1/../../../../arm-none-eabi/lib/armv7-m\libg_n.a(lib_a-strncpy.o)
 .ARM.attributes
                0x00000742       0x2d c:/program files (x86)/embitz/1.11/share/em_armgcc/bin/../lib/gcc/arm-none-eabi/5.4.1/../../../../arm-none-eabi/lib/armv7-m\libg_n.a(lib_a-strstr.o)
 .ARM.attributes
                0x0000076f       0x2d c:/program files (x86)/embitz/1.11/share/em_armgcc/bin/../lib/gcc/arm-none-eabi/5.4.1/../../../../arm-none-eabi/lib/armv7-m\libg_n.a(lib_a-strtod.o)
 .ARM.attributes
                0x0000079c       0x2d c:/program files (x86)/embitz/1.11/share/em_armgcc/bin/../lib/gcc/arm-none-eabi/5.4.1/../../../../arm-none-eabi/lib/armv7-m\libg_n.a(lib_a-strtok.o)
 .ARM.attributes
                0x000007c9       0x2d c:/program files (x86)/embitz/1.11/share/em_armgcc/bin/../lib/gcc/arm-none-eabi/5.4.1/../../../../arm-none-eabi/lib/armv7-m\libg_n.a(lib_a-strtok_r.o)
 .ARM.attributes
                0x000007f6       0x2d c:/program files (x86)/embitz/1.11/share/em_armgcc/bin/../lib/gcc/arm-none-eabi/5.4.1/../../../../arm-none-eabi/lib/armv7-m\libg_n.a(lib_a-strtol.o)
 .ARM.attributes
                0x00000823       0x2d c:/program files (x86)/embitz/1.11/share/em_armgcc/bin/../lib/gcc/arm-none-eabi/5.4.1/../../../../arm-none-eabi/lib/armv7-m\libg_n.a(lib_a-wbuf.o)
 .ARM.attributes
                0x00000850       0x2d c:/program files (x86)/embitz/1.11/share/em_armgcc/bin/../lib/gcc/arm-none-eabi/5.4.1/../../../../arm-none-eabi/lib/armv7-m\libg_n.a(lib_a-writer.o)
 .ARM.attributes
                0x0000087d       0x2d c:/program files (x86)/embitz/1.11/share/em_armgcc/bin/../lib/gcc/arm-none-eabi/5.4.1/../../../../arm-none-eabi/lib/armv7-m\libg_n.a(lib_a-wsetup.o)
 .ARM.attributes
                0x000008aa       0x2d c:/program files (x86)/embitz/1.11/share/em_armgcc/bin/../lib/gcc/arm-none-eabi/5.4.1/../../../../arm-none-eabi/lib/armv7-m\libg_n.a(lib_a-closer.o)
 .ARM.attributes
                0x000008d7       0x2d c:/program files (x86)/embitz/1.11/share/em_armgcc/bin/../lib/gcc/arm-none-eabi/5.4.1/../../../../arm-none-eabi/lib/armv7-m\libg_n.a(lib_a-ctype_.o)
 .ARM.attributes
                0x00000904       0x2d c:/program files (x86)/embitz/1.11/share/em_armgcc/bin/../lib/gcc/arm-none-eabi/5.4.1/../../../../arm-none-eabi/lib/armv7-m\libg_n.a(lib_a-dtoa.o)
 .ARM.attributes
                0x00000931       0x2d c:/program files (x86)/embitz/1.11/share/em_armgcc/bin/../lib/gcc/arm-none-eabi/5.4.1/../../../../arm-none-eabi/lib/armv7-m\libg_n.a(lib_a-fflush.o)
 .ARM.attributes
                0x0000095e       0x2d c:/program files (x86)/embitz/1.11/share/em_armgcc/bin/../lib/gcc/arm-none-eabi/5.4.1/../../../../arm-none-eabi/lib/armv7-m\libg_n.a(lib_a-findfp.o)
 .ARM.attributes
                0x0000098b       0x2d c:/program files (x86)/embitz/1.11/share/em_armgcc/bin/../lib/gcc/arm-none-eabi/5.4.1/../../../../arm-none-eabi/lib/armv7-m\libg_n.a(lib_a-fwalk.o)
 .ARM.attributes
                0x000009b8       0x2d c:/program files (x86)/embitz/1.11/share/em_armgcc/bin/../lib/gcc/arm-none-eabi/5.4.1/../../../../arm-none-eabi/lib/armv7-m\libg_n.a(lib_a-gdtoa-gethex.o)
 .ARM.attributes
                0x000009e5       0x2d c:/program files (x86)/embitz/1.11/share/em_armgcc/bin/../lib/gcc/arm-none-eabi/5.4.1/../../../../arm-none-eabi/lib/armv7-m\libg_n.a(lib_a-gdtoa-hexnan.o)
 .ARM.attributes
                0x00000a12       0x2d c:/program files (x86)/embitz/1.11/share/em_armgcc/bin/../lib/gcc/arm-none-eabi/5.4.1/../../../../arm-none-eabi/lib/armv7-m\libg_n.a(lib_a-locale.o)
 .ARM.attributes
                0x00000a3f       0x2d c:/program files (x86)/embitz/1.11/share/em_armgcc/bin/../lib/gcc/arm-none-eabi/5.4.1/../../../../arm-none-eabi/lib/armv7-m\libg_n.a(lib_a-lseekr.o)
 .ARM.attributes
                0x00000a6c       0x2d c:/program files (x86)/embitz/1.11/share/em_armgcc/bin/../lib/gcc/arm-none-eabi/5.4.1/../../../../arm-none-eabi/lib/armv7-m\libg_n.a(lib_a-makebuf.o)
 .ARM.attributes
                0x00000a99       0x2d c:/program files (x86)/embitz/1.11/share/em_armgcc/bin/../lib/gcc/arm-none-eabi/5.4.1/../../../../arm-none-eabi/lib/armv7-m\libg_n.a(lib_a-malloc.o)
 .ARM.attributes
                0x00000ac6       0x2d c:/program files (x86)/embitz/1.11/share/em_armgcc/bin/../lib/gcc/arm-none-eabi/5.4.1/../../../../arm-none-eabi/lib/armv7-m\libg_n.a(lib_a-memchr-stub.o)
 .ARM.attributes
                0x00000af3       0x2d c:/program files (x86)/embitz/1.11/share/em_armgcc/bin/../lib/gcc/arm-none-eabi/5.4.1/../../../../arm-none-eabi/lib/armv7-m\libg_n.a(lib_a-mprec.o)
 .ARM.attributes
                0x00000b20       0x2d c:/program files (x86)/embitz/1.11/share/em_armgcc/bin/../lib/gcc/arm-none-eabi/5.4.1/../../../../arm-none-eabi/lib/armv7-m\libg_n.a(lib_a-nano-callocr.o)
 .ARM.attributes
                0x00000b4d       0x2d c:/program files (x86)/embitz/1.11/share/em_armgcc/bin/../lib/gcc/arm-none-eabi/5.4.1/../../../../arm-none-eabi/lib/armv7-m\libg_n.a(lib_a-nano-freer.o)
 .ARM.attributes
                0x00000b7a       0x2d c:/program files (x86)/embitz/1.11/share/em_armgcc/bin/../lib/gcc/arm-none-eabi/5.4.1/../../../../arm-none-eabi/lib/armv7-m\libg_n.a(lib_a-nano-mallocr.o)
 .ARM.attributes
                0x00000ba7       0x2d c:/program files (x86)/embitz/1.11/share/em_armgcc/bin/../lib/gcc/arm-none-eabi/5.4.1/../../../../arm-none-eabi/lib/armv7-m\libg_n.a(lib_a-nano-svfprintf.o)
 .ARM.attributes
                0x00000bd4       0x2d c:/program files (x86)/embitz/1.11/share/em_armgcc/bin/../lib/gcc/arm-none-eabi/5.4.1/../../../../arm-none-eabi/lib/armv7-m\libg_n.a(lib_a-nano-svfscanf.o)
 .ARM.attributes
                0x00000c01       0x2d c:/program files (x86)/embitz/1.11/share/em_armgcc/bin/../lib/gcc/arm-none-eabi/5.4.1/../../../../arm-none-eabi/lib/armv7-m\libg_n.a(lib_a-nano-vfprintf.o)
 .ARM.attributes
                0x00000c2e       0x2d c:/program files (x86)/embitz/1.11/share/em_armgcc/bin/../lib/gcc/arm-none-eabi/5.4.1/../../../../arm-none-eabi/lib/armv7-m\libg_n.a(lib_a-nano-vfscanf.o)
 .ARM.attributes
                0x00000c5b       0x2d c:/program files (x86)/embitz/1.11/share/em_armgcc/bin/../lib/gcc/arm-none-eabi/5.4.1/../../../../arm-none-eabi/lib/armv7-m\libg_n.a(lib_a-nano-vfscanf_i.o)
 .ARM.attributes
                0x00000c88       0x2d c:/program files (x86)/embitz/1.11/share/em_armgcc/bin/../lib/gcc/arm-none-eabi/5.4.1/../../../../arm-none-eabi/lib/armv7-m\libg_n.a(lib_a-readr.o)
 .ARM.attributes
                0x00000cb5       0x2d c:/program files (x86)/embitz/1.11/share/em_armgcc/bin/../lib/gcc/arm-none-eabi/5.4.1/../../../../arm-none-eabi/lib/armv7-m\libg_n.a(lib_a-reent.o)
 .ARM.attributes
                0x00000ce2       0x2d c:/program files (x86)/embitz/1.11/share/em_armgcc/bin/../lib/gcc/arm-none-eabi/5.4.1/../../../../arm-none-eabi/lib/armv7-m\libg_n.a(lib_a-refill.o)
 .ARM.attributes
                0x00000d0f       0x2d c:/program files (x86)/embitz/1.11/share/em_armgcc/bin/../lib/gcc/arm-none-eabi/5.4.1/../../../../arm-none-eabi/lib/armv7-m\libg_n.a(lib_a-sbrkr.o)
 .ARM.attributes
                0x00000d3c       0x2d c:/program files (x86)/embitz/1.11/share/em_armgcc/bin/../lib/gcc/arm-none-eabi/5.4.1/../../../../arm-none-eabi/lib/armv7-m\libg_n.a(lib_a-sccl.o)
 .ARM.attributes
                0x00000d69       0x2d c:/program files (x86)/embitz/1.11/share/em_armgcc/bin/../lib/gcc/arm-none-eabi/5.4.1/../../../../arm-none-eabi/lib/armv7-m\libg_n.a(lib_a-strncmp.o)
 .ARM.attributes
                0x00000d96       0x2d c:/program files (x86)/embitz/1.11/share/em_armgcc/bin/../lib/gcc/arm-none-eabi/5.4.1/../../../../arm-none-eabi/lib/armv7-m\libg_n.a(lib_a-strtoul.o)
 .ARM.attributes
                0x00000dc3       0x2d c:/program files (x86)/embitz/1.11/share/em_armgcc/bin/../lib/gcc/arm-none-eabi/5.4.1/../../../../arm-none-eabi/lib/armv7-m\libg_n.a(lib_a-ungetc.o)
 .ARM.attributes
                0x00000df0       0x2d c:/program files (x86)/embitz/1.11/share/em_armgcc/bin/../lib/gcc/arm-none-eabi/5.4.1/../../../../arm-none-eabi/lib/armv7-m\libg_n.a(lib_a-fstatr.o)
 .ARM.attributes
                0x00000e1d       0x2d c:/program files (x86)/embitz/1.11/share/em_armgcc/bin/../lib/gcc/arm-none-eabi/5.4.1/../../../../arm-none-eabi/lib/armv7-m\libg_n.a(lib_a-isattyr.o)
 .ARM.attributes
                0x00000e4a       0x2d c:/program files (x86)/embitz/1.11/share/em_armgcc/bin/../lib/gcc/arm-none-eabi/5.4.1/../../../../arm-none-eabi/lib/armv7-m\libg_n.a(lib_a-memmove.o)
 .ARM.attributes
                0x00000e77       0x2d c:/program files (x86)/embitz/1.11/share/em_armgcc/bin/../lib/gcc/arm-none-eabi/5.4.1/../../../../arm-none-eabi/lib/armv7-m\libg_n.a(lib_a-mlock.o)
 .ARM.attributes
                0x00000ea4       0x2d c:/program files (x86)/embitz/1.11/share/em_armgcc/bin/../lib/gcc/arm-none-eabi/5.4.1/../../../../arm-none-eabi/lib/armv7-m\libg_n.a(lib_a-nano-reallocr.o)
 .ARM.attributes
                0x00000ed1       0x2d c:/program files (x86)/embitz/1.11/share/em_armgcc/bin/../lib/gcc/arm-none-eabi/5.4.1/../../../../arm-none-eabi/lib/armv7-m\libg_n.a(lib_a-nano-msizer.o)
 .ARM.attributes
                0x00000efe       0x1d c:/program files (x86)/embitz/1.11/share/em_armgcc/bin/../lib/gcc/arm-none-eabi/5.4.1/armv7-m\libgcc.a(_arm_cmpdf2.o)
 .ARM.attributes
                0x00000f1b       0x1d c:/program files (x86)/embitz/1.11/share/em_armgcc/bin/../lib/gcc/arm-none-eabi/5.4.1/armv7-m\libgcc.a(_arm_unorddf2.o)
 .ARM.attributes
                0x00000f38       0x1d c:/program files (x86)/embitz/1.11/share/em_armgcc/bin/../lib/gcc/arm-none-eabi/5.4.1/armv7-m\libgcc.a(_arm_fixdfsi.o)
 .ARM.attributes
                0x00000f55       0x2d c:/program files (x86)/embitz/1.11/share/em_armgcc/bin/../lib/gcc/arm-none-eabi/5.4.1/../../../../arm-none-eabi/lib/armv7-m\libnosys_s.a(close.o)
 .ARM.attributes
                0x00000f82       0x2d c:/program files (x86)/embitz/1.11/share/em_armgcc/bin/../lib/gcc/arm-none-eabi/5.4.1/../../../../arm-none-eabi/lib/armv7-m\libnosys_s.a(fstat.o)
 .ARM.attributes
                0x00000faf       0x2d c:/program files (x86)/embitz/1.11/share/em_armgcc/bin/../lib/gcc/arm-none-eabi/5.4.1/../../../../arm-none-eabi/lib/armv7-m\libnosys_s.a(isatty.o)
 .ARM.attributes
                0x00000fdc       0x2d c:/program files (x86)/embitz/1.11/share/em_armgcc/bin/../lib/gcc/arm-none-eabi/5.4.1/../../../../arm-none-eabi/lib/armv7-m\libnosys_s.a(lseek.o)
 .ARM.attributes
                0x00001009       0x2d c:/program files (x86)/embitz/1.11/share/em_armgcc/bin/../lib/gcc/arm-none-eabi/5.4.1/../../../../arm-none-eabi/lib/armv7-m\libnosys_s.a(sbrk.o)
 .ARM.attributes
                0x00001036       0x2d c:/program files (x86)/embitz/1.11/share/em_armgcc/bin/../lib/gcc/arm-none-eabi/5.4.1/../../../../arm-none-eabi/lib/armv7-m\libnosys_s.a(_exit.o)
 .ARM.attributes
                0x00001063       0x2d c:/program files (x86)/embitz/1.11/share/em_armgcc/bin/../lib/gcc/arm-none-eabi/5.4.1/armv7-m/crtend.o
 .ARM.attributes
                0x00001090       0x1d c:/program files (x86)/embitz/1.11/share/em_armgcc/bin/../lib/gcc/arm-none-eabi/5.4.1/armv7-m/crtn.o

.comment        0x00000000       0x6e
 .comment       0x00000000       0x6e obj\release\board_support\at_cmd_support.o
                                 0x6f (size before relaxing)
 .comment       0x0000006e       0x6f obj\release\board_support\awu_api.o
 .comment       0x0000006e       0x6f obj\release\board_support\board_support_api.o
 .comment       0x0000006e       0x6f obj\release\board_support\ds1721_driver.o
 .comment       0x0000006e       0x6f obj\release\board_support\gnss_support.o
 .comment       0x0000006e       0x6f obj\release\board_support\i2c_api.o
 .comment       0x0000006e       0x6f obj\release\board_support\lis3dh_driver.o
 .comment       0x0000006e       0x6f obj\release\board_support\menu_handlers.o
 .comment       0x0000006e       0x6f obj\release\board_support\uart_api.o
 .comment       0x0000006e       0x6f obj\release\coap\coap_essentials.o
 .comment       0x0000006e       0x6f obj\release\src\main.o

.debug_info     0x00000000      0xe25
 .debug_info    0x00000000      0x2f0 obj\release\board_support\at_cmd_support.o
 .debug_info    0x000002f0       0xf3 obj\release\board_support\awu_api.o
 .debug_info    0x000003e3      0x19f obj\release\board_support\board_support_api.o
 .debug_info    0x00000582       0x59 obj\release\board_support\ds1721_driver.o
 .debug_info    0x000005db       0x48 obj\release\board_support\gnss_support.o
 .debug_info    0x00000623      0x213 obj\release\board_support\i2c_api.o
 .debug_info    0x00000836      0x182 obj\release\board_support\lis3dh_driver.o
 .debug_info    0x000009b8      0x215 obj\release\board_support\menu_handlers.o
 .debug_info    0x00000bcd       0x84 obj\release\board_support\uart_api.o
 .debug_info    0x00000c51       0x84 obj\release\coap\coap_essentials.o
 .debug_info    0x00000cd5       0xd6 obj\release\src\main.o
 .debug_info    0x00000dab       0x7a obj\release\src\startup_stm32l1xx_hd.o

.debug_abbrev   0x00000000      0x6c7
 .debug_abbrev  0x00000000       0xe0 obj\release\board_support\at_cmd_support.o
 .debug_abbrev  0x000000e0       0xa2 obj\release\board_support\awu_api.o
 .debug_abbrev  0x00000182       0xda obj\release\board_support\board_support_api.o
 .debug_abbrev  0x0000025c       0x2a obj\release\board_support\ds1721_driver.o
 .debug_abbrev  0x00000286       0x2a obj\release\board_support\gnss_support.o
 .debug_abbrev  0x000002b0       0xdf obj\release\board_support\i2c_api.o
 .debug_abbrev  0x0000038f       0x7f obj\release\board_support\lis3dh_driver.o
 .debug_abbrev  0x0000040e      0x11b obj\release\board_support\menu_handlers.o